+-------------------------------------------------------+
|                                                       |
|          This is an example of Shower                 |
|          Parameterization with GFLASH                 |
+-------------------------------------------------------+

        ############################################
        !!! WARNING - FPE detection is activated !!!
        ############################################

*************************************************************
 Geant4 version Name: geant4-10-00-ref-00    (6-December-2013)
                      Copyright : Geant4 Collaboration
                      Reference : NIM A 506 (2003), 250-303
                            WWW : http://cern.ch/geant4
*************************************************************

# GFlash Example: Detector Construction
Tst34DetectorConstruction::Detector constructor
# GFlash Example: Physics list
start construct particle
end construct particle
# GFlash Example: Primary Generator
# GFlash Example: User Action Classes
Defining the materials
Shower parameterization
/********************************************/ 
  - GVFlashShowerParameterisation::Material -  
        Material : PbWO4
   Z = 68.3599
   A = 170.87
   X0 = 0.892421 cm
    Rm= 1.73752 cm
   Ec = 10.786 MeV
/********************************************/ 
/********************************************/ 
  - GFlashHomoShowerParameterisation::Constructor -  
/********************************************/ 
end shower parameterization
FastSimulationManagerProcess
AddParameterisation
Physics List constructor
ConstructEM

conv:   for  gamma    SubType= 14
      Lambda table from 1.022 MeV to 10 TeV in 49 bins, spline: 1
      ===== EM models for the G4Region  DefaultRegionForTheWorld ======
        BetheHeitler :  Emin=        0 eV    Emax=       80 GeV
     BetheHeitlerLPM :  Emin=       80 GeV   Emax=       10 TeV

compt:   for  gamma    SubType= 13
      Lambda table from 100 eV  to 1 MeV in 28 bins, spline: 1
      LambdaPrime table from 1 MeV to 10 TeV in 49 bins 
      ===== EM models for the G4Region  DefaultRegionForTheWorld ======
       Klein-Nishina :  Emin=        0 eV    Emax=       10 TeV

phot:   for  gamma    SubType= 12
      LambdaPrime table from 200 keV to 10 TeV in 54 bins 
      ===== EM models for the G4Region  DefaultRegionForTheWorld ======
       PhotoElectric :  Emin=        0 eV    Emax=       10 TeV   AngularGenSauterGavrila

msc:   for e-    SubType= 10
      RangeFactor= 0.04, stepLimitType: 1, latDisplacement: 1
      ===== EM models for the G4Region  DefaultRegionForTheWorld ======
            UrbanMsc :  Emin=        0 eV    Emax=       10 TeV  Table with 77 bins Emin=    100 eV    Emax=     10 TeV

eIoni:   for  e-    SubType= 2
      dE/dx and range tables from 100 eV  to 10 TeV in 77 bins
      Lambda tables from threshold to 10 TeV in 77 bins, spline: 1
      finalRange(mm)= 1, dRoverRange= 0.2, integral: 1, fluct: 1, linLossLimit= 0.01
      ===== EM models for the G4Region  DefaultRegionForTheWorld ======
        MollerBhabha :  Emin=        0 eV    Emax=       10 TeV

eBrem:   for  e-    SubType= 3
      dE/dx and range tables from 100 eV  to 10 TeV in 77 bins
      Lambda tables from threshold to 10 TeV in 77 bins, spline: 1
      LPM flag: 1 for E > 1 GeV
      ===== EM models for the G4Region  DefaultRegionForTheWorld ======
             eBremSB :  Emin=        0 eV    Emax=        1 GeV   DipBustGen
            eBremLPM :  Emin=        1 GeV   Emax=       10 TeV   DipBustGen

msc:   for e+    SubType= 10
      RangeFactor= 0.04, stepLimitType: 1, latDisplacement: 1
      ===== EM models for the G4Region  DefaultRegionForTheWorld ======
            UrbanMsc :  Emin=        0 eV    Emax=       10 TeV  Table with 77 bins Emin=    100 eV    Emax=     10 TeV

eIoni:   for  e+    SubType= 2
      dE/dx and range tables from 100 eV  to 10 TeV in 77 bins
      Lambda tables from threshold to 10 TeV in 77 bins, spline: 1
      finalRange(mm)= 1, dRoverRange= 0.2, integral: 1, fluct: 1, linLossLimit= 0.01
      ===== EM models for the G4Region  DefaultRegionForTheWorld ======
        MollerBhabha :  Emin=        0 eV    Emax=       10 TeV

eBrem:   for  e+    SubType= 3
      dE/dx and range tables from 100 eV  to 10 TeV in 77 bins
      Lambda tables from threshold to 10 TeV in 77 bins, spline: 1
      LPM flag: 1 for E > 1 GeV
      ===== EM models for the G4Region  DefaultRegionForTheWorld ======
             eBremSB :  Emin=        0 eV    Emax=        1 GeV   DipBustGen
            eBremLPM :  Emin=        1 GeV   Emax=       10 TeV   DipBustGen

annihil:   for  e+    SubType= 5
      ===== EM models for the G4Region  DefaultRegionForTheWorld ======
            eplus2gg :  Emin=        0 eV    Emax=       10 TeV

hIoni:   for  proton    SubType= 2
      dE/dx and range tables from 100 eV  to 10 TeV in 77 bins
      Lambda tables from threshold to 10 TeV in 77 bins, spline: 1
      finalRange(mm)= 0.1, dRoverRange= 0.2, integral: 1, fluct: 1, linLossLimit= 0.01
      ===== EM models for the G4Region  DefaultRegionForTheWorld ======
               Bragg :  Emin=        0 eV    Emax=        2 MeV
          BetheBloch :  Emin=        2 MeV   Emax=       10 TeV

msc:   for proton    SubType= 10
      RangeFactor= 0.2, stepLimitType: 0, latDisplacement: 1
      ===== EM models for the G4Region  DefaultRegionForTheWorld ======
            UrbanMsc :  Emin=        0 eV    Emax=       10 TeV  Table with 77 bins Emin=    100 eV    Emax=     10 TeV

hIoni:   for  GenericIon    SubType= 2
      dE/dx and range tables from 100 eV  to 10 TeV in 77 bins
      Lambda tables from threshold to 10 TeV in 77 bins, spline: 1
      finalRange(mm)= 0.1, dRoverRange= 0.2, integral: 1, fluct: 1, linLossLimit= 0.01
      ===== EM models for the G4Region  DefaultRegionForTheWorld ======
               Bragg :  Emin=        0 eV    Emax=        2 MeV
          BetheBloch :  Emin=        2 MeV   Emax=       10 TeV

msc:   for GenericIon    SubType= 10
      RangeFactor= 0.2, stepLimitType: 0, latDisplacement: 0
      ===== EM models for the G4Region  DefaultRegionForTheWorld ======
            UrbanMsc :  Emin=        0 eV    Emax=       10 TeV

hIoni:   for  alpha    SubType= 2
      dE/dx and range tables from 100 eV  to 10 TeV in 77 bins
      Lambda tables from threshold to 10 TeV in 77 bins, spline: 1
      finalRange(mm)= 0.1, dRoverRange= 0.2, integral: 1, fluct: 1, linLossLimit= 0.01
      ===== EM models for the G4Region  DefaultRegionForTheWorld ======
               Bragg :  Emin=        0 eV    Emax=   7.9452 MeV
          BetheBloch :  Emin=   7.9452 MeV   Emax=       10 TeV

msc:   for alpha    SubType= 10
      RangeFactor= 0.2, stepLimitType: 0, latDisplacement: 0
      ===== EM models for the G4Region  DefaultRegionForTheWorld ======
            UrbanMsc :  Emin=        0 eV    Emax=       10 TeV  Table with 77 bins Emin=    100 eV    Emax=     10 TeV

hIoni:   for  anti_proton    SubType= 2
      dE/dx and range tables from 100 eV  to 10 TeV in 77 bins
      Lambda tables from threshold to 10 TeV in 77 bins, spline: 1
      finalRange(mm)= 0.1, dRoverRange= 0.2, integral: 1, fluct: 1, linLossLimit= 0.01
      ===== EM models for the G4Region  DefaultRegionForTheWorld ======
            ICRU73QO :  Emin=        0 eV    Emax=        2 MeV
          BetheBloch :  Emin=        2 MeV   Emax=       10 TeV

msc:   for anti_proton    SubType= 10
      RangeFactor= 0.2, stepLimitType: 0, latDisplacement: 1
      ===== EM models for the G4Region  DefaultRegionForTheWorld ======
            UrbanMsc :  Emin=        0 eV    Emax=       10 TeV  Table with 77 bins Emin=    100 eV    Emax=     10 TeV

hIoni:   for  kaon+    SubType= 2
      dE/dx and range tables from 100 eV  to 10 TeV in 77 bins
      Lambda tables from threshold to 10 TeV in 77 bins, spline: 1
      finalRange(mm)= 0.1, dRoverRange= 0.2, integral: 1, fluct: 1, linLossLimit= 0.01
      ===== EM models for the G4Region  DefaultRegionForTheWorld ======
               Bragg :  Emin=        0 eV    Emax=  1.05231 MeV
          BetheBloch :  Emin=  1.05231 MeV   Emax=       10 TeV

msc:   for kaon+    SubType= 10
      RangeFactor= 0.2, stepLimitType: 0, latDisplacement: 1
      ===== EM models for the G4Region  DefaultRegionForTheWorld ======
            UrbanMsc :  Emin=        0 eV    Emax=       10 TeV  Table with 77 bins Emin=    100 eV    Emax=     10 TeV

hIoni:   for  kaon-    SubType= 2
      dE/dx and range tables from 100 eV  to 10 TeV in 77 bins
      Lambda tables from threshold to 10 TeV in 77 bins, spline: 1
      finalRange(mm)= 0.1, dRoverRange= 0.2, integral: 1, fluct: 1, linLossLimit= 0.01
      ===== EM models for the G4Region  DefaultRegionForTheWorld ======
            ICRU73QO :  Emin=        0 eV    Emax=  1.05231 MeV
          BetheBloch :  Emin=  1.05231 MeV   Emax=       10 TeV

msc:   for kaon-    SubType= 10
      RangeFactor= 0.2, stepLimitType: 0, latDisplacement: 1
      ===== EM models for the G4Region  DefaultRegionForTheWorld ======
            UrbanMsc :  Emin=        0 eV    Emax=       10 TeV  Table with 77 bins Emin=    100 eV    Emax=     10 TeV

muIoni:   for  mu+    SubType= 2
      dE/dx and range tables from 100 eV  to 10 TeV in 77 bins
      Lambda tables from threshold to 10 TeV in 77 bins, spline: 1
      finalRange(mm)= 1, dRoverRange= 0.2, integral: 1, fluct: 1, linLossLimit= 0.01
      ===== EM models for the G4Region  DefaultRegionForTheWorld ======
               Bragg :  Emin=        0 eV    Emax=      200 keV
          BetheBloch :  Emin=      200 keV   Emax=        1 GeV
        MuBetheBloch :  Emin=        1 GeV   Emax=       10 TeV

msc:   for mu+    SubType= 10
      RangeFactor= 0.2, step limit type: 0, lateralDisplacement: 1, polarAngleLimit(deg)= 0
      ===== EM models for the G4Region  DefaultRegionForTheWorld ======
            UrbanMsc :  Emin=        0 eV    Emax=       10 TeV  Table with 77 bins Emin=    100 eV    Emax=     10 TeV

muBrems:   for  mu+    SubType= 3
      dE/dx and range tables from 100 eV  to 10 TeV in 77 bins
      Lambda tables from threshold to 10 TeV in 77 bins, spline: 1
      ===== EM models for the G4Region  DefaultRegionForTheWorld ======
              MuBrem :  Emin=        0 eV    Emax=       10 TeV

muPairProd:   for  mu+    SubType= 4
      dE/dx and range tables from 100 eV  to 10 TeV in 77 bins
      Lambda tables from threshold to 10 TeV in 77 bins, spline: 1
      Sampling table 17x1001 from 1 GeV to 10 TeV 
      ===== EM models for the G4Region  DefaultRegionForTheWorld ======
          muPairProd :  Emin=        0 eV    Emax=       10 TeV

muIoni:   for  mu-    SubType= 2
      dE/dx and range tables from 100 eV  to 10 TeV in 77 bins
      Lambda tables from threshold to 10 TeV in 77 bins, spline: 1
      finalRange(mm)= 1, dRoverRange= 0.2, integral: 1, fluct: 1, linLossLimit= 0.01
      ===== EM models for the G4Region  DefaultRegionForTheWorld ======
            ICRU73QO :  Emin=        0 eV    Emax=      200 keV
          BetheBloch :  Emin=      200 keV   Emax=        1 GeV
        MuBetheBloch :  Emin=        1 GeV   Emax=       10 TeV

msc:   for mu-    SubType= 10
      RangeFactor= 0.2, step limit type: 0, lateralDisplacement: 1, polarAngleLimit(deg)= 0
      ===== EM models for the G4Region  DefaultRegionForTheWorld ======
            UrbanMsc :  Emin=        0 eV    Emax=       10 TeV  Table with 77 bins Emin=    100 eV    Emax=     10 TeV

muBrems:   for  mu-    SubType= 3
      dE/dx and range tables from 100 eV  to 10 TeV in 77 bins
      Lambda tables from threshold to 10 TeV in 77 bins, spline: 1
      ===== EM models for the G4Region  DefaultRegionForTheWorld ======
              MuBrem :  Emin=        0 eV    Emax=       10 TeV

muPairProd:   for  mu-    SubType= 4
      dE/dx and range tables from 100 eV  to 10 TeV in 77 bins
      Lambda tables from threshold to 10 TeV in 77 bins, spline: 1
      Sampling table 17x1001 from 1 GeV to 10 TeV 
      ===== EM models for the G4Region  DefaultRegionForTheWorld ======
          muPairProd :  Emin=        0 eV    Emax=       10 TeV

hIoni:   for  pi+    SubType= 2
      dE/dx and range tables from 100 eV  to 10 TeV in 77 bins
      Lambda tables from threshold to 10 TeV in 77 bins, spline: 1
      finalRange(mm)= 0.1, dRoverRange= 0.2, integral: 1, fluct: 1, linLossLimit= 0.01
      ===== EM models for the G4Region  DefaultRegionForTheWorld ======
               Bragg :  Emin=        0 eV    Emax=  297.505 keV
          BetheBloch :  Emin=  297.505 keV   Emax=       10 TeV

msc:   for pi+    SubType= 10
      RangeFactor= 0.2, stepLimitType: 0, latDisplacement: 1
      ===== EM models for the G4Region  DefaultRegionForTheWorld ======
            UrbanMsc :  Emin=        0 eV    Emax=       10 TeV  Table with 77 bins Emin=    100 eV    Emax=     10 TeV

hIoni:   for  pi-    SubType= 2
      dE/dx and range tables from 100 eV  to 10 TeV in 77 bins
      Lambda tables from threshold to 10 TeV in 77 bins, spline: 1
      finalRange(mm)= 0.1, dRoverRange= 0.2, integral: 1, fluct: 1, linLossLimit= 0.01
      ===== EM models for the G4Region  DefaultRegionForTheWorld ======
            ICRU73QO :  Emin=        0 eV    Emax=  297.505 keV
          BetheBloch :  Emin=  297.505 keV   Emax=       10 TeV

msc:   for pi-    SubType= 10
      RangeFactor= 0.2, stepLimitType: 0, latDisplacement: 1
      ===== EM models for the G4Region  DefaultRegionForTheWorld ======
            UrbanMsc :  Emin=        0 eV    Emax=       10 TeV  Table with 77 bins Emin=    100 eV    Emax=     10 TeV

========= Table of registered couples ==============================

Index : 0     used in the geometry : Yes
 Material : Air
 Range cuts        :  gamma  1 mm     e-  1 mm     e+  1 mm  proton 1 mm 
 Energy thresholds :  gamma  990 eV     e-  990 eV     e+  990 eV  proton 100 keV
 Region(s) which use this couple : 
    DefaultRegionForTheWorld

Index : 1     used in the geometry : Yes
 Material : PbWO4
 Range cuts        :  gamma  1 mm     e-  1 mm     e+  1 mm  proton 1 mm 
 Energy thresholds :  gamma  89.3347 keV    e-  1.12535 MeV    e+  1.05931 MeV proton 100 keV
 Region(s) which use this couple : 
    crystals

====================================================================

### Run 0 start.
::Initializing the sensitive detector
 ------ Start Tst34EventAction ----- 
 Start generating event Nr 0


******************************************
Internal Real Elapsed Time is: 0
Internal System Elapsed Time: 0
Internal GetUserElapsed Time: 0.01
******************************************
 ------ Tst34EventAction::End of event nr. 0  -----
  5341 hits are stored in Tst34HitsCollection 
 #### Tst34EventAction::Test: Total energy deposited in the calorimeter: 19.9452 (GeV)
::Initializing the sensitive detector
 ------ Start Tst34EventAction ----- 
 Start generating event Nr 1


******************************************
Internal Real Elapsed Time is: 0.01
Internal System Elapsed Time: 0
Internal GetUserElapsed Time: 0
******************************************
 ------ Tst34EventAction::End of event nr. 1  -----
  5326 hits are stored in Tst34HitsCollection 
 #### Tst34EventAction::Test: Total energy deposited in the calorimeter: 19.9073 (GeV)
::Initializing the sensitive detector
 ------ Start Tst34EventAction ----- 
 Start generating event Nr 2


******************************************
Internal Real Elapsed Time is: 0
Internal System Elapsed Time: 0
Internal GetUserElapsed Time: 0
******************************************
 ------ Tst34EventAction::End of event nr. 2  -----
  5306 hits are stored in Tst34HitsCollection 
 #### Tst34EventAction::Test: Total energy deposited in the calorimeter: 19.9687 (GeV)
::Initializing the sensitive detector
 ------ Start Tst34EventAction ----- 
 Start generating event Nr 3


******************************************
Internal Real Elapsed Time is: 0.01
Internal System Elapsed Time: 0
Internal GetUserElapsed Time: 0.01
******************************************
 ------ Tst34EventAction::End of event nr. 3  -----
  5869 hits are stored in Tst34HitsCollection 
 #### Tst34EventAction::Test: Total energy deposited in the calorimeter: 19.9535 (GeV)
::Initializing the sensitive detector
 ------ Start Tst34EventAction ----- 
 Start generating event Nr 4


******************************************
Internal Real Elapsed Time is: 0
Internal System Elapsed Time: 0
Internal GetUserElapsed Time: 0
******************************************
 ------ Tst34EventAction::End of event nr. 4  -----
  5335 hits are stored in Tst34HitsCollection 
 #### Tst34EventAction::Test: Total energy deposited in the calorimeter: 19.9713 (GeV)
::Initializing the sensitive detector
 ------ Start Tst34EventAction ----- 
 Start generating event Nr 5


******************************************
Internal Real Elapsed Time is: 0
Internal System Elapsed Time: 0
Internal GetUserElapsed Time: 0
******************************************
 ------ Tst34EventAction::End of event nr. 5  -----
  5311 hits are stored in Tst34HitsCollection 
 #### Tst34EventAction::Test: Total energy deposited in the calorimeter: 19.9422 (GeV)
::Initializing the sensitive detector
 ------ Start Tst34EventAction ----- 
 Start generating event Nr 6


******************************************
Internal Real Elapsed Time is: 0.01
Internal System Elapsed Time: 0
Internal GetUserElapsed Time: 0.01
******************************************
 ------ Tst34EventAction::End of event nr. 6  -----
  5323 hits are stored in Tst34HitsCollection 
 #### Tst34EventAction::Test: Total energy deposited in the calorimeter: 19.9574 (GeV)
::Initializing the sensitive detector
 ------ Start Tst34EventAction ----- 
 Start generating event Nr 7


******************************************
Internal Real Elapsed Time is: 0
Internal System Elapsed Time: 0
Internal GetUserElapsed Time: 0
******************************************
 ------ Tst34EventAction::End of event nr. 7  -----
  5322 hits are stored in Tst34HitsCollection 
 #### Tst34EventAction::Test: Total energy deposited in the calorimeter: 19.9568 (GeV)
::Initializing the sensitive detector
 ------ Start Tst34EventAction ----- 
 Start generating event Nr 8


******************************************
Internal Real Elapsed Time is: 0
Internal System Elapsed Time: 0
Internal GetUserElapsed Time: 0
******************************************
 ------ Tst34EventAction::End of event nr. 8  -----
  5321 hits are stored in Tst34HitsCollection 
 #### Tst34EventAction::Test: Total energy deposited in the calorimeter: 19.9656 (GeV)
::Initializing the sensitive detector
 ------ Start Tst34EventAction ----- 
 Start generating event Nr 9


******************************************
Internal Real Elapsed Time is: 0.01
Internal System Elapsed Time: 0
Internal GetUserElapsed Time: 0
******************************************
 ------ Tst34EventAction::End of event nr. 9  -----
  5321 hits are stored in Tst34HitsCollection 
 #### Tst34EventAction::Test: Total energy deposited in the calorimeter: 19.9511 (GeV)
number of events = 10

******************************************
Total Real Elapsed Time is: 0.84
Total System Elapsed Time: 0.01
Total GetUserElapsed Time: 0.74
******************************************
