========================================================
======             HARP Test Start           ========
========================================================
### New verbose level 0
Number of events according to macro 100
###### Start new run # 0     #####
Material is selected: G4_C
Test30Physics entry
Process is created gen= ftfp
New generator and material= G4_C
Nucleus with N= 12  Z= 6
Mass from targetNucleus(MeV)= 11174.9
Mass from IonTable(MeV)=      11174.9
Secondary generator <ftfp> is initialized
The particle:  proton
Ekin = 2.205031e+00 GeV
### factor  = 9.403219e-02    cross(b)= 2.591799e-01
### 0-th event start 
  User=0.02s Real=0.02s Sys=0s
#################################################################
###### Cross section per bin for pi+

## Next momentum bin 0  -  100  MeV/c

  0  0  0  0  0  0  0  0  0  0## Next momentum bin 100  -  150  MeV/c

  0  0  0  0  259.18  0  0  0  0  259.18## Next momentum bin 150  -  200  MeV/c

  0  0  0  259.18  0  259.18  0  0  0  0## Next momentum bin 200  -  250  MeV/c

  0  518.36  0  518.36  259.18  259.18  518.36  0  0  259.18## Next momentum bin 250  -  300  MeV/c

  148.103  0  0  0  259.18  0  0  259.18  0  0## Next momentum bin 300  -  350  MeV/c

  148.103  0  259.18  259.18  0  777.54  0  0  0  0## Next momentum bin 350  -  400  MeV/c

  148.103  0  0  518.36  0  0  0  0  0  0## Next momentum bin 400  -  450  MeV/c

  296.206  518.36  259.18  259.18  0  0  0  0  0  0## Next momentum bin 450  -  500  MeV/c

  0  259.18  0  0  0  0  0  0  0  0## Next momentum bin 500  -  600  MeV/c

  0  518.36  0  129.59  0  0  0  0  0  0## Next momentum bin 600  -  700  MeV/c

  74.0514  259.18  0  0  0  0  0  0  0  0## Next momentum bin 700  -  800  MeV/c

  148.103  129.59  0  0  0  0  0  0  0  0

## ds/do(mb/strad) for pi+ with momentum cut: 100  -  800  MeV/c
  59.2411  155.508  25.918  103.672  38.877  64.795  25.918  12.959  0  25.918
## ds/dp(mb/GeV) for pi+ with theta cut 0.35  -  2.15 radian
  0  570.573  552.845  2296.13  606.178  1366.75  488.561  723.919  141.43  405.001  141.43  70.7151
## cross_tot(bn)= 0.399034

#################################################################
## ds/do(mb/strad) for pi0 with momentum cut: 100  -  800  MeV/c
  29.6206  38.877  90.713  90.713  38.877  38.877  25.918  0  12.959  12.959

## ds/dp(mb/GeV) for pi0 with theta cut 0.35  -  2.15 radian
  161.392  604.828  845.37  976.32  1340.23  0  322.783  0  834.614  610.163  192.855  0
## cross_tot(bn)= 0.342648

#################################################################
## ds/do(mb/strad) for protons with momentum cut: 100  -  800  MeV/c
  96.2668  207.344  142.549  207.344  168.467  220.303  311.016  168.467  155.508  116.631

## ds/dp(mb/GeV) for pi0 with theta cut 0.35  -  2.15 radian
  2491.78  5308.83  4962.25  3775.21  2798.9  2855.2  3926.08  2365.91  2835.72  1712.69  1107.33  543.987
## cross_tot(bn)= 2.02698

#################################################################
## ds/do(mb/strad) for pi- with momentum cut: 100  -  800  MeV/c
  44.4308  51.836  51.836  12.959  25.918  38.877  12.959  12.959  0  0

## ds/dp(mb/GeV) for pi- with theta cut 0.35  -  2.15 radian
  0  324.133  1017.06  872.654  534.986  308.565  196.778  0  196.778  70.7151  0  70.7151
## cross_tot(bn)= 0.186691

## Next momentum bin 0  -  100  MeV/c
  0  0  0  0  0  0  0  0  0  0
## Next momentum bin 100  -  150  MeV/c
  148.103  0  0  0  0  0  0  259.18  0  0
## Next momentum bin 150  -  200  MeV/c
  0  259.18  0  259.18  0  259.18  259.18  0  0  0
## Next momentum bin 200  -  250  MeV/c
  0  0  0  0  518.36  259.18  0  0  0  0
## Next momentum bin 250  -  300  MeV/c
  148.103  259.18  518.36  0  0  0  0  0  0  0
## Next momentum bin 300  -  350  MeV/c
  148.103  0  0  0  0  259.18  0  0  0  0
## Next momentum bin 350  -  400  MeV/c
  0  0  259.18  0  0  0  0  0  0  0
## Next momentum bin 400  -  450  MeV/c
  0  0  0  0  0  0  0  0  0  0
## Next momentum bin 450  -  500  MeV/c
  0  0  259.18  0  0  0  0  0  0  0
## Next momentum bin 500  -  600  MeV/c
  148.103  129.59  0  0  0  0  0  0  0  0
## Next momentum bin 600  -  700  MeV/c
  74.0514  0  0  0  0  0  0  0  0  0
## Next momentum bin 700  -  800  MeV/c
  0  129.59  0  0  0  0  0  0  0  0
###### Start new run # 1     #####
Material is selected: G4_C
Test30Physics entry
Process is created gen= bertini
New generator and material= G4_C
Nucleus with N= 12  Z= 6
Mass from targetNucleus(MeV)= 11174.9
Mass from IonTable(MeV)=      11174.9
Secondary generator <bertini> is initialized
The particle:  proton
Ekin = 2.20503 GeV
### factor  = 0.0940322    cross(b)= 0.25918
### 0-th event start 
  User=0.04s Real=0.03s Sys=0s
#################################################################
###### Cross section per bin for pi+

## Next momentum bin 0  -  100  MeV/c

  0  0  0  0  0  0  129.59  129.59  0  129.59## Next momentum bin 100  -  150  MeV/c

  0  259.18  0  259.18  0  0  0  518.36  0  259.18## Next momentum bin 150  -  200  MeV/c

  148.103  0  0  259.18  0  0  259.18  518.36  518.36  0## Next momentum bin 200  -  250  MeV/c

  148.103  0  0  0  0  0  259.18  0  0  0## Next momentum bin 250  -  300  MeV/c

  148.103  0  0  0  259.18  0  0  0  0  0## Next momentum bin 300  -  350  MeV/c

  0  0  0  0  0  0  0  0  0  0## Next momentum bin 350  -  400  MeV/c

  0  0  259.18  259.18  0  0  0  0  0  0## Next momentum bin 400  -  450  MeV/c

  0  0  0  0  0  0  0  0  0  0## Next momentum bin 450  -  500  MeV/c

  148.103  259.18  0  259.18  0  0  0  0  0  0## Next momentum bin 500  -  600  MeV/c

  148.103  129.59  0  259.18  0  0  0  0  0  0## Next momentum bin 600  -  700  MeV/c

  74.0514  129.59  129.59  0  0  0  0  0  0  0## Next momentum bin 700  -  800  MeV/c

  74.0514  0  129.59  0  0  0  0  0  0  0

## ds/do(mb/strad) for pi+ with momentum cut: 100  -  800  MeV/c
  59.2411  51.836  38.877  77.754  12.959  0  25.918  51.836  25.918  12.959
## ds/dp(mb/GeV) for pi+ with theta cut 0.35  -  2.15 radian
  467.722  1322.51  1840.45  322.783  282.045  0  441.059  0  385.711  314.996  169.104  98.3889
## cross_tot(bn)= 0.334749

#################################################################
## ds/do(mb/strad) for pi0 with momentum cut: 100  -  800  MeV/c
  29.6206  51.836  77.754  64.795  51.836  64.795  142.549  12.959  0  12.959

## ds/dp(mb/GeV) for pi0 with theta cut 0.35  -  2.15 radian
  323.458  519.561  2120.61  1250.39  1733.78  526.326  1330.91  0  282.86  389.633  417.445  211.737
## cross_tot(bn)= 0.522449

#################################################################
## ds/do(mb/strad) for protons with momentum cut: 100  -  800  MeV/c
  81.4565  168.467  246.221  285.098  220.303  233.262  207.344  142.549  90.713  38.877

## ds/dp(mb/GeV) for pi0 with theta cut 0.35  -  2.15 radian
  3491.48  8062.36  8583.83  4642.08  1099.08  2094.32  2986.19  526.326  694.276  1338.85  543.916  314.996
## cross_tot(bn)= 2.00335

#################################################################
## ds/do(mb/strad) for pi- with momentum cut: 100  -  800  MeV/c
  0  38.877  25.918  51.836  51.836  64.795  51.836  38.877  12.959  25.918

## ds/dp(mb/GeV) for pi- with theta cut 0.35  -  2.15 radian
  0  570.573  568.414  2515.57  1404.13  0  694.276  0  1313.32  122.14  154.282  0
## cross_tot(bn)= 0.380956

## Next momentum bin 0  -  100  MeV/c
  0  0  0  0  0  0  0  0  0  0
## Next momentum bin 100  -  150  MeV/c
  0  0  0  0  259.18  0  0  0  0  259.18
## Next momentum bin 150  -  200  MeV/c
  0  0  0  259.18  0  0  0  259.18  0  0
## Next momentum bin 200  -  250  MeV/c
  0  0  518.36  0  518.36  259.18  0  518.36  259.18  259.18
## Next momentum bin 250  -  300  MeV/c
  0  259.18  0  0  0  518.36  518.36  0  0  0
## Next momentum bin 300  -  350  MeV/c
  0  0  0  0  0  0  0  0  0  0
## Next momentum bin 350  -  400  MeV/c
  0  259.18  0  259.18  0  259.18  0  0  0  0
## Next momentum bin 400  -  450  MeV/c
  0  0  0  0  0  0  0  0  0  0
## Next momentum bin 450  -  500  MeV/c
  0  259.18  0  259.18  259.18  0  518.36  0  0  0
## Next momentum bin 500  -  600  MeV/c
  0  0  0  129.59  0  0  0  0  0  0
## Next momentum bin 600  -  700  MeV/c
  0  0  0  0  0  129.59  0  0  0  0
## Next momentum bin 700  -  800  MeV/c
  0  0  0  0  0  0  0  0  0  0
###### End of test #####
