
        ############################################
        !!! WARNING - FPE detection is activated !!!
        ############################################

*************************************************************
 Geant4 version Name: geant4-10-00-ref-00    (6-December-2013)
                      Copyright : Geant4 Collaboration
                      Reference : NIM A 506 (2003), 250-303
                            WWW : http://cern.ch/geant4
*************************************************************

##### test40 started in sequential mode #####
#
/testem/phys/setCuts 1 mm
#
/run/initialize
Absorber is 17.848 cm  of PbWO4
PhysicsList::SetCuts:CutLength : 1 mm 
#
#/run/particle/applyCuts
#
/run/verbose 1
/tracking/verbose 0
/event/verbose 0
/process/em/workerVerbose 0
/testem/event/printModulo 100
#
# Acceptance printout is activated
/testem/det/acceptance 0.95140202 0.0082 4.0
#
/gun/particle e-
/gun/energy 5 GeV
/run/beamOn 100

phot:   for  gamma    SubType= 12
      LambdaPrime table from 200 keV to 10 TeV in 54 bins 
      ===== EM models for the G4Region  DefaultRegionForTheWorld ======
       PhotoElectric :  Emin=        0 eV    Emax=       10 TeV   AngularGenSauterGavrila  FluoActive

compt:   for  gamma    SubType= 13
      Lambda table from 100 eV  to 1 MeV in 28 bins, spline: 1
      LambdaPrime table from 1 MeV to 10 TeV in 49 bins 
      ===== EM models for the G4Region  DefaultRegionForTheWorld ======
       Klein-Nishina :  Emin=        0 eV    Emax=       10 TeV

conv:   for  gamma    SubType= 14
      Lambda table from 1.022 MeV to 10 TeV in 49 bins, spline: 1
      ===== EM models for the G4Region  DefaultRegionForTheWorld ======
        BetheHeitler :  Emin=        0 eV    Emax=       80 GeV
     BetheHeitlerLPM :  Emin=       80 GeV   Emax=       10 TeV

msc:   for e-    SubType= 10
      RangeFactor= 0.04, stepLimitType: 1, latDisplacement: 1
      ===== EM models for the G4Region  DefaultRegionForTheWorld ======
            UrbanMsc :  Emin=        0 eV    Emax=      100 MeV  Table with 42 bins Emin=    100 eV    Emax=    100 MeV
        WentzelVIUni :  Emin=      100 MeV   Emax=       10 TeV  Table with 35 bins Emin=    100 MeV   Emax=     10 TeV

eIoni:   for  e-    SubType= 2
      dE/dx and range tables from 100 eV  to 10 TeV in 77 bins
      Lambda tables from threshold to 10 TeV in 77 bins, spline: 1
      finalRange(mm)= 1, dRoverRange= 0.2, integral: 1, fluct: 1, linLossLimit= 0.01
      ===== EM models for the G4Region  DefaultRegionForTheWorld ======
        MollerBhabha :  Emin=        0 eV    Emax=       10 TeV

eBrem:   for  e-    SubType= 3
      dE/dx and range tables from 100 eV  to 10 TeV in 77 bins
      Lambda tables from threshold to 10 TeV in 77 bins, spline: 1
      LPM flag: 1 for E > 1 GeV
      ===== EM models for the G4Region  DefaultRegionForTheWorld ======
             eBremSB :  Emin=        0 eV    Emax=        1 GeV   DipBustGen
            eBremLPM :  Emin=        1 GeV   Emax=       10 TeV   DipBustGen

CoulombScat:   for  e-    SubType= 1
      Lambda table from 100 MeV to 10 TeV in 35 bins, spline: 1
      180 < Theta(degree) < 180 pLimit(GeV^1)= 0.139531
      ===== EM models for the G4Region  DefaultRegionForTheWorld ======
  eCoulombScattering :  Emin=      100 MeV   Emax=       10 TeV

msc:   for e+    SubType= 10
      RangeFactor= 0.04, stepLimitType: 1, latDisplacement: 1
      ===== EM models for the G4Region  DefaultRegionForTheWorld ======
            UrbanMsc :  Emin=        0 eV    Emax=      100 MeV  Table with 42 bins Emin=    100 eV    Emax=    100 MeV
        WentzelVIUni :  Emin=      100 MeV   Emax=       10 TeV  Table with 35 bins Emin=    100 MeV   Emax=     10 TeV

eIoni:   for  e+    SubType= 2
      dE/dx and range tables from 100 eV  to 10 TeV in 77 bins
      Lambda tables from threshold to 10 TeV in 77 bins, spline: 1
      finalRange(mm)= 1, dRoverRange= 0.2, integral: 1, fluct: 1, linLossLimit= 0.01
      ===== EM models for the G4Region  DefaultRegionForTheWorld ======
        MollerBhabha :  Emin=        0 eV    Emax=       10 TeV

eBrem:   for  e+    SubType= 3
      dE/dx and range tables from 100 eV  to 10 TeV in 77 bins
      Lambda tables from threshold to 10 TeV in 77 bins, spline: 1
      LPM flag: 1 for E > 1 GeV
      ===== EM models for the G4Region  DefaultRegionForTheWorld ======
             eBremSB :  Emin=        0 eV    Emax=        1 GeV   DipBustGen
            eBremLPM :  Emin=        1 GeV   Emax=       10 TeV   DipBustGen

annihil:   for  e+    SubType= 5
      ===== EM models for the G4Region  DefaultRegionForTheWorld ======
            eplus2gg :  Emin=        0 eV    Emax=       10 TeV

CoulombScat:   for  e+    SubType= 1
      Lambda table from 100 MeV to 10 TeV in 35 bins, spline: 1
      180 < Theta(degree) < 180 pLimit(GeV^1)= 0.139531
      ===== EM models for the G4Region  DefaultRegionForTheWorld ======
  eCoulombScattering :  Emin=      100 MeV   Emax=       10 TeV

msc:   for proton    SubType= 10
      RangeFactor= 0.2, step limit type: 0, lateralDisplacement: 1, polarAngleLimit(deg)= 180
      ===== EM models for the G4Region  DefaultRegionForTheWorld ======
        WentzelVIUni :  Emin=        0 eV    Emax=       10 TeV  Table with 77 bins Emin=    100 eV    Emax=     10 TeV

hIoni:   for  proton    SubType= 2
      dE/dx and range tables from 100 eV  to 10 TeV in 77 bins
      Lambda tables from threshold to 10 TeV in 77 bins, spline: 1
      finalRange(mm)= 0.1, dRoverRange= 0.2, integral: 1, fluct: 1, linLossLimit= 0.01
      ===== EM models for the G4Region  DefaultRegionForTheWorld ======
               Bragg :  Emin=        0 eV    Emax=        2 MeV
          BetheBloch :  Emin=        2 MeV   Emax=       10 TeV

hBrems:   for  proton    SubType= 3
      dE/dx and range tables from 100 eV  to 10 TeV in 77 bins
      Lambda tables from threshold to 10 TeV in 77 bins, spline: 1
      ===== EM models for the G4Region  DefaultRegionForTheWorld ======
               hBrem :  Emin=        0 eV    Emax=       10 TeV

hPairProd:   for  proton    SubType= 4
      dE/dx and range tables from 100 eV  to 10 TeV in 77 bins
      Lambda tables from threshold to 10 TeV in 77 bins, spline: 1
      Sampling table 13x1001 from 7.50618 GeV to 10 TeV 
      ===== EM models for the G4Region  DefaultRegionForTheWorld ======
           hPairProd :  Emin=        0 eV    Emax=       10 TeV

msc:   for GenericIon    SubType= 10
      RangeFactor= 0.2, stepLimitType: 0, latDisplacement: 0
      ===== EM models for the G4Region  DefaultRegionForTheWorld ======
            UrbanMsc :  Emin=        0 eV    Emax=       10 TeV

ionIoni:   for  GenericIon    SubType= 2
      dE/dx and range tables from 100 eV  to 10 TeV in 77 bins
      Lambda tables from threshold to 10 TeV in 77 bins, spline: 1
      finalRange(mm)= 0.01, dRoverRange= 0.1, integral: 1, fluct: 1, linLossLimit= 0.02
      Stopping Power data for 17 ion/material pairs 
      ===== EM models for the G4Region  DefaultRegionForTheWorld ======
            BraggIon :  Emin=        0 eV    Emax=        2 MeV
          BetheBloch :  Emin=        2 MeV   Emax=       10 TeV

msc:   for alpha    SubType= 10
      RangeFactor= 0.2, stepLimitType: 0, latDisplacement: 0
      ===== EM models for the G4Region  DefaultRegionForTheWorld ======
            UrbanMsc :  Emin=        0 eV    Emax=       10 TeV  Table with 77 bins Emin=    100 eV    Emax=     10 TeV

ionIoni:   for  alpha    SubType= 2
      dE/dx and range tables from 100 eV  to 10 TeV in 77 bins
      Lambda tables from threshold to 10 TeV in 77 bins, spline: 1
      finalRange(mm)= 0.01, dRoverRange= 0.1, integral: 1, fluct: 1, linLossLimit= 0.02
      ===== EM models for the G4Region  DefaultRegionForTheWorld ======
            BraggIon :  Emin=        0 eV    Emax=   7.9452 MeV
          BetheBloch :  Emin=   7.9452 MeV   Emax=       10 TeV

msc:   for anti_proton    SubType= 10
      RangeFactor= 0.2, step limit type: 0, lateralDisplacement: 1, polarAngleLimit(deg)= 180
      ===== EM models for the G4Region  DefaultRegionForTheWorld ======
        WentzelVIUni :  Emin=        0 eV    Emax=       10 TeV  Table with 77 bins Emin=    100 eV    Emax=     10 TeV

hIoni:   for  anti_proton    SubType= 2
      dE/dx and range tables from 100 eV  to 10 TeV in 77 bins
      Lambda tables from threshold to 10 TeV in 77 bins, spline: 1
      finalRange(mm)= 0.1, dRoverRange= 0.2, integral: 1, fluct: 1, linLossLimit= 0.01
      ===== EM models for the G4Region  DefaultRegionForTheWorld ======
            ICRU73QO :  Emin=        0 eV    Emax=        2 MeV
          BetheBloch :  Emin=        2 MeV   Emax=       10 TeV

hBrems:   for  anti_proton    SubType= 3
      dE/dx and range tables from 100 eV  to 10 TeV in 77 bins
      Lambda tables from threshold to 10 TeV in 77 bins, spline: 1
      ===== EM models for the G4Region  DefaultRegionForTheWorld ======
               hBrem :  Emin=        0 eV    Emax=       10 TeV

hPairProd:   for  anti_proton    SubType= 4
      dE/dx and range tables from 100 eV  to 10 TeV in 77 bins
      Lambda tables from threshold to 10 TeV in 77 bins, spline: 1
      Sampling table 13x1001 from 7.50618 GeV to 10 TeV 
      ===== EM models for the G4Region  DefaultRegionForTheWorld ======
           hPairProd :  Emin=        0 eV    Emax=       10 TeV

msc:   for kaon+    SubType= 10
      RangeFactor= 0.2, step limit type: 0, lateralDisplacement: 1, polarAngleLimit(deg)= 180
      ===== EM models for the G4Region  DefaultRegionForTheWorld ======
        WentzelVIUni :  Emin=        0 eV    Emax=       10 TeV  Table with 77 bins Emin=    100 eV    Emax=     10 TeV

hIoni:   for  kaon+    SubType= 2
      dE/dx and range tables from 100 eV  to 10 TeV in 77 bins
      Lambda tables from threshold to 10 TeV in 77 bins, spline: 1
      finalRange(mm)= 0.1, dRoverRange= 0.2, integral: 1, fluct: 1, linLossLimit= 0.01
      ===== EM models for the G4Region  DefaultRegionForTheWorld ======
               Bragg :  Emin=        0 eV    Emax=  1.05231 MeV
          BetheBloch :  Emin=  1.05231 MeV   Emax=       10 TeV

hBrems:   for  kaon+    SubType= 3
      dE/dx and range tables from 100 eV  to 10 TeV in 77 bins
      Lambda tables from threshold to 10 TeV in 77 bins, spline: 1
      ===== EM models for the G4Region  DefaultRegionForTheWorld ======
               hBrem :  Emin=        0 eV    Emax=       10 TeV

hPairProd:   for  kaon+    SubType= 4
      dE/dx and range tables from 100 eV  to 10 TeV in 77 bins
      Lambda tables from threshold to 10 TeV in 77 bins, spline: 1
      Sampling table 14x1001 from 3.94942 GeV to 10 TeV 
      ===== EM models for the G4Region  DefaultRegionForTheWorld ======
           hPairProd :  Emin=        0 eV    Emax=       10 TeV

msc:   for kaon-    SubType= 10
      RangeFactor= 0.2, step limit type: 0, lateralDisplacement: 1, polarAngleLimit(deg)= 180
      ===== EM models for the G4Region  DefaultRegionForTheWorld ======
        WentzelVIUni :  Emin=        0 eV    Emax=       10 TeV  Table with 77 bins Emin=    100 eV    Emax=     10 TeV

hIoni:   for  kaon-    SubType= 2
      dE/dx and range tables from 100 eV  to 10 TeV in 77 bins
      Lambda tables from threshold to 10 TeV in 77 bins, spline: 1
      finalRange(mm)= 0.1, dRoverRange= 0.2, integral: 1, fluct: 1, linLossLimit= 0.01
      ===== EM models for the G4Region  DefaultRegionForTheWorld ======
            ICRU73QO :  Emin=        0 eV    Emax=  1.05231 MeV
          BetheBloch :  Emin=  1.05231 MeV   Emax=       10 TeV

hBrems:   for  kaon-    SubType= 3
      dE/dx and range tables from 100 eV  to 10 TeV in 77 bins
      Lambda tables from threshold to 10 TeV in 77 bins, spline: 1
      ===== EM models for the G4Region  DefaultRegionForTheWorld ======
               hBrem :  Emin=        0 eV    Emax=       10 TeV

hPairProd:   for  kaon-    SubType= 4
      dE/dx and range tables from 100 eV  to 10 TeV in 77 bins
      Lambda tables from threshold to 10 TeV in 77 bins, spline: 1
      Sampling table 14x1001 from 3.94942 GeV to 10 TeV 
      ===== EM models for the G4Region  DefaultRegionForTheWorld ======
           hPairProd :  Emin=        0 eV    Emax=       10 TeV

msc:   for mu+    SubType= 10
      RangeFactor= 0.2, step limit type: 0, lateralDisplacement: 1, polarAngleLimit(deg)= 180
      ===== EM models for the G4Region  DefaultRegionForTheWorld ======
        WentzelVIUni :  Emin=        0 eV    Emax=       10 TeV  Table with 77 bins Emin=    100 eV    Emax=     10 TeV

muIoni:   for  mu+    SubType= 2
      dE/dx and range tables from 100 eV  to 10 TeV in 77 bins
      Lambda tables from threshold to 10 TeV in 77 bins, spline: 1
      finalRange(mm)= 1, dRoverRange= 0.2, integral: 1, fluct: 1, linLossLimit= 0.01
      ===== EM models for the G4Region  DefaultRegionForTheWorld ======
               Bragg :  Emin=        0 eV    Emax=      200 keV
          BetheBloch :  Emin=      200 keV   Emax=        1 GeV
        MuBetheBloch :  Emin=        1 GeV   Emax=       10 TeV

muBrems:   for  mu+    SubType= 3
      dE/dx and range tables from 100 eV  to 10 TeV in 77 bins
      Lambda tables from threshold to 10 TeV in 77 bins, spline: 1
      ===== EM models for the G4Region  DefaultRegionForTheWorld ======
              MuBrem :  Emin=        0 eV    Emax=       10 TeV

muPairProd:   for  mu+    SubType= 4
      dE/dx and range tables from 100 eV  to 10 TeV in 77 bins
      Lambda tables from threshold to 10 TeV in 77 bins, spline: 1
      Sampling table 17x1001 from 1 GeV to 10 TeV 
      ===== EM models for the G4Region  DefaultRegionForTheWorld ======
          muPairProd :  Emin=        0 eV    Emax=       10 TeV

CoulombScat:   for  mu+    SubType= 1
      Lambda table from 100 eV  to 10 TeV in 43 bins, spline: 1
      180 < Theta(degree) < 180 pLimit(GeV^1)= 0.139531
      ===== EM models for the G4Region  DefaultRegionForTheWorld ======
  eCoulombScattering :  Emin=        0 eV    Emax=       10 TeV

msc:   for mu-    SubType= 10
      RangeFactor= 0.2, step limit type: 0, lateralDisplacement: 1, polarAngleLimit(deg)= 180
      ===== EM models for the G4Region  DefaultRegionForTheWorld ======
        WentzelVIUni :  Emin=        0 eV    Emax=       10 TeV  Table with 77 bins Emin=    100 eV    Emax=     10 TeV

muIoni:   for  mu-    SubType= 2
      dE/dx and range tables from 100 eV  to 10 TeV in 77 bins
      Lambda tables from threshold to 10 TeV in 77 bins, spline: 1
      finalRange(mm)= 1, dRoverRange= 0.2, integral: 1, fluct: 1, linLossLimit= 0.01
      ===== EM models for the G4Region  DefaultRegionForTheWorld ======
            ICRU73QO :  Emin=        0 eV    Emax=      200 keV
          BetheBloch :  Emin=      200 keV   Emax=        1 GeV
        MuBetheBloch :  Emin=        1 GeV   Emax=       10 TeV

muBrems:   for  mu-    SubType= 3
      dE/dx and range tables from 100 eV  to 10 TeV in 77 bins
      Lambda tables from threshold to 10 TeV in 77 bins, spline: 1
      ===== EM models for the G4Region  DefaultRegionForTheWorld ======
              MuBrem :  Emin=        0 eV    Emax=       10 TeV

muPairProd:   for  mu-    SubType= 4
      dE/dx and range tables from 100 eV  to 10 TeV in 77 bins
      Lambda tables from threshold to 10 TeV in 77 bins, spline: 1
      Sampling table 17x1001 from 1 GeV to 10 TeV 
      ===== EM models for the G4Region  DefaultRegionForTheWorld ======
          muPairProd :  Emin=        0 eV    Emax=       10 TeV

CoulombScat:   for  mu-    SubType= 1
      Lambda table from 100 eV  to 10 TeV in 43 bins, spline: 1
      180 < Theta(degree) < 180 pLimit(GeV^1)= 0.139531
      ===== EM models for the G4Region  DefaultRegionForTheWorld ======
  eCoulombScattering :  Emin=        0 eV    Emax=       10 TeV

msc:   for pi+    SubType= 10
      RangeFactor= 0.2, step limit type: 0, lateralDisplacement: 1, polarAngleLimit(deg)= 180
      ===== EM models for the G4Region  DefaultRegionForTheWorld ======
        WentzelVIUni :  Emin=        0 eV    Emax=       10 TeV  Table with 77 bins Emin=    100 eV    Emax=     10 TeV

hIoni:   for  pi+    SubType= 2
      dE/dx and range tables from 100 eV  to 10 TeV in 77 bins
      Lambda tables from threshold to 10 TeV in 77 bins, spline: 1
      finalRange(mm)= 0.1, dRoverRange= 0.2, integral: 1, fluct: 1, linLossLimit= 0.01
      ===== EM models for the G4Region  DefaultRegionForTheWorld ======
               Bragg :  Emin=        0 eV    Emax=  297.505 keV
          BetheBloch :  Emin=  297.505 keV   Emax=       10 TeV

hBrems:   for  pi+    SubType= 3
      dE/dx and range tables from 100 eV  to 10 TeV in 77 bins
      Lambda tables from threshold to 10 TeV in 77 bins, spline: 1
      ===== EM models for the G4Region  DefaultRegionForTheWorld ======
               hBrem :  Emin=        0 eV    Emax=       10 TeV

hPairProd:   for  pi+    SubType= 4
      dE/dx and range tables from 100 eV  to 10 TeV in 77 bins
      Lambda tables from threshold to 10 TeV in 77 bins, spline: 1
      Sampling table 16x1001 from 1.11656 GeV to 10 TeV 
      ===== EM models for the G4Region  DefaultRegionForTheWorld ======
           hPairProd :  Emin=        0 eV    Emax=       10 TeV

msc:   for pi-    SubType= 10
      RangeFactor= 0.2, step limit type: 0, lateralDisplacement: 1, polarAngleLimit(deg)= 180
      ===== EM models for the G4Region  DefaultRegionForTheWorld ======
        WentzelVIUni :  Emin=        0 eV    Emax=       10 TeV  Table with 77 bins Emin=    100 eV    Emax=     10 TeV

hIoni:   for  pi-    SubType= 2
      dE/dx and range tables from 100 eV  to 10 TeV in 77 bins
      Lambda tables from threshold to 10 TeV in 77 bins, spline: 1
      finalRange(mm)= 0.1, dRoverRange= 0.2, integral: 1, fluct: 1, linLossLimit= 0.01
      ===== EM models for the G4Region  DefaultRegionForTheWorld ======
            ICRU73QO :  Emin=        0 eV    Emax=  297.505 keV
          BetheBloch :  Emin=  297.505 keV   Emax=       10 TeV

hBrems:   for  pi-    SubType= 3
      dE/dx and range tables from 100 eV  to 10 TeV in 77 bins
      Lambda tables from threshold to 10 TeV in 77 bins, spline: 1
      ===== EM models for the G4Region  DefaultRegionForTheWorld ======
               hBrem :  Emin=        0 eV    Emax=       10 TeV

hPairProd:   for  pi-    SubType= 4
      dE/dx and range tables from 100 eV  to 10 TeV in 77 bins
      Lambda tables from threshold to 10 TeV in 77 bins, spline: 1
      Sampling table 16x1001 from 1.11656 GeV to 10 TeV 
      ===== EM models for the G4Region  DefaultRegionForTheWorld ======
           hPairProd :  Emin=        0 eV    Emax=       10 TeV

========= Table of registered couples ==============================

Index : 0     used in the geometry : Yes
 Material : Air
 Range cuts        :  gamma  1 mm     e-  1 mm     e+  1 mm  proton 1 mm 
 Energy thresholds :  gamma  990 eV     e-  990 eV     e+  990 eV  proton 100 keV
 Region(s) which use this couple : 
    DefaultRegionForTheWorld

Index : 1     used in the geometry : Yes
 Material : PbWO4
 Range cuts        :  gamma  1 mm     e-  1 mm     e+  1 mm  proton 1 mm 
 Energy thresholds :  gamma  89.3347 keV    e-  1.12535 MeV    e+  1.05931 MeV proton 100 keV
 Region(s) which use this couple : 
    DefaultRegionForTheWorld

====================================================================

### Run 0 starts.
### Run 0 start. nLbin= 20

--------- Ranecu engine status ---------
 Initial seed (index) = 0
 Current couple of seeds = 9876, 54321
----------------------------------------

---> Begin of Event: 0
Run terminated.
Run Summary
  Number of events processed : 100
  User=22.15s Real=22.23s Sys=0.04s
                 LATERAL PROFILE                         CUMULATIVE LATERAL PROFILE

        bin              Mean         rms                 bin            Mean      rms 

    0.00-> 1.00 radl:    1.10%       0.83%             0-> 1.00 radl:    1.10%     0.83% 
    1.00-> 2.00 radl:    2.49%       1.26%             0-> 2.00 radl:    3.59%     1.54% 
    2.00-> 3.00 radl:    5.52%       2.36%             0-> 3.00 radl:    9.11%     3.50% 
    3.00-> 4.00 radl:    8.37%       2.85%             0-> 4.00 radl:   17.48%     5.75% 
    4.00-> 5.00 radl:   10.68%       3.01%             0-> 5.00 radl:   28.16%     7.88% 
    5.00-> 6.00 radl:   11.27%       2.82%             0-> 6.00 radl:   39.44%     9.37% 
    6.00-> 7.00 radl:   10.85%       2.46%             0-> 7.00 radl:   50.28%    10.20% 
    7.00-> 8.00 radl:    9.69%       1.85%             0-> 8.00 radl:   59.97%    10.31% 
    8.00-> 9.00 radl:    8.19%       1.94%             0-> 9.00 radl:   68.16%     9.38% 
    9.00->10.00 radl:    6.87%       2.00%             0->10.00 radl:   75.03%     8.15% 
   10.00->11.00 radl:    5.23%       1.67%             0->11.00 radl:   80.26%     6.92% 
   11.00->12.00 radl:    4.06%       1.57%             0->12.00 radl:   84.32%     5.90% 
   12.00->13.00 radl:    3.11%       1.34%             0->13.00 radl:   87.43%     5.00% 
   13.00->14.00 radl:    2.32%       1.04%             0->14.00 radl:   89.75%     4.28% 
   14.00->15.00 radl:    1.77%       0.97%             0->15.00 radl:   91.52%     3.54% 
   15.00->16.00 radl:    1.32%       0.84%             0->16.00 radl:   92.84%     2.90% 
   16.00->17.00 radl:    0.98%       0.79%             0->17.00 radl:   93.83%     2.24% 
   17.00->18.00 radl:    0.71%       0.70%             0->18.00 radl:   94.53%     1.69% 
   18.00->19.00 radl:    0.52%       0.47%             0->19.00 radl:   95.05%     1.35% 
   19.00->20.00 radl:    0.39%       0.44%             0->20.00 radl:   95.44%     1.04% 



                  RADIAL PROFILE                         CUMULATIVE  RADIAL PROFILE

        bin              Mean         rms                 bin            Mean      rms 

    0.00-> 0.25 radl:   34.20%       2.31%             0-> 0.25 radl:   34.20%     2.31% 
    0.25-> 0.50 radl:   18.93%       1.44%             0-> 0.50 radl:   53.14%     2.50% 
    0.50-> 0.75 radl:   11.06%       1.07%             0-> 0.75 radl:   64.19%     2.50% 
    0.75-> 1.00 radl:    7.03%       0.72%             0-> 1.00 radl:   71.22%     2.34% 
    1.00-> 1.25 radl:    4.86%       0.74%             0-> 1.25 radl:   76.08%     2.00% 
    1.25-> 1.50 radl:    3.65%       0.58%             0-> 1.50 radl:   79.73%     1.77% 
    1.50-> 1.75 radl:    2.78%       0.48%             0-> 1.75 radl:   82.51%     1.58% 
    1.75-> 2.00 radl:    2.24%       0.38%             0-> 2.00 radl:   84.75%     1.40% 
    2.00-> 2.25 radl:    1.84%       0.40%             0-> 2.25 radl:   86.59%     1.35% 
    2.25-> 2.50 radl:    1.58%       0.32%             0-> 2.50 radl:   88.17%     1.30% 
    2.50-> 2.75 radl:    1.28%       0.27%             0-> 2.75 radl:   89.45%     1.24% 
    2.75-> 3.00 radl:    1.12%       0.27%             0-> 3.00 radl:   90.57%     1.18% 
    3.00-> 3.25 radl:    0.94%       0.22%             0-> 3.25 radl:   91.51%     1.13% 
    3.25-> 3.50 radl:    0.79%       0.22%             0-> 3.50 radl:   92.30%     1.14% 
    3.50-> 3.75 radl:    0.71%       0.19%             0-> 3.75 radl:   93.01%     1.14% 
    3.75-> 4.00 radl:    0.64%       0.21%             0-> 4.00 radl:   93.65%     1.11% 
    4.00-> 4.25 radl:    0.55%       0.15%             0-> 4.25 radl:   94.20%     1.08% 
    4.25-> 4.50 radl:    0.47%       0.15%             0-> 4.50 radl:   94.68%     1.06% 
    4.50-> 4.75 radl:    0.41%       0.14%             0-> 4.75 radl:   95.09%     1.05% 
    4.75-> 5.00 radl:    0.35%       0.14%             0-> 5.00 radl:   95.44%     1.04% 

                              SUMMARY
                         energy deposit :   95.44 % E0 +-    1.04 % E0
                         charged traklen:  496.74 radl +-    9.56 radl
                         neutral traklen: 4436.74 radl +-  128.12 radl

--------- Ranecu engine status ---------
 Initial seed (index) = 0
 Current couple of seeds = 1990831778, 1736838541
----------------------------------------

<<<<<ACCEPTANCE>>>>> 100 events for Total Energy in Absorber
Edep: 0.954369  delEdep= 0.00296747 nrms= 3.61886
<<<<<END>>>>>   IS ACCEPTED

/globalField/verbose 1
/globalField/setValue 0 0 10 gauss
Magnetic field is active, fieldValue = (0 0 10 G ).
/run/beamOn 100

========= Table of registered couples ==============================

Index : 0     used in the geometry : Yes
 Material : Air
 Range cuts        :  gamma  1 mm     e-  1 mm     e+  1 mm  proton 1 mm 
 Energy thresholds :  gamma  990 eV     e-  990 eV     e+  990 eV  proton 100 keV
 Region(s) which use this couple : 
    DefaultRegionForTheWorld

Index : 1     used in the geometry : Yes
 Material : PbWO4
 Range cuts        :  gamma  1 mm     e-  1 mm     e+  1 mm  proton 1 mm 
 Energy thresholds :  gamma  89.3347 keV    e-  1.12535 MeV    e+  1.05931 MeV proton 100 keV
 Region(s) which use this couple : 
    DefaultRegionForTheWorld

====================================================================

### Run 1 starts.
### Run 1 start. nLbin= 20

--------- Ranecu engine status ---------
 Initial seed (index) = 0
 Current couple of seeds = 1990831778, 1736838541
----------------------------------------

---> Begin of Event: 0
Run terminated.
Run Summary
  Number of events processed : 100
  User=29.42s Real=29.43s Sys=0.07s
                 LATERAL PROFILE                         CUMULATIVE LATERAL PROFILE

        bin              Mean         rms                 bin            Mean      rms 

    0.00-> 1.00 radl:    1.10%       0.48%             0-> 1.00 radl:    1.10%     0.48% 
    1.00-> 2.00 radl:    2.59%       1.14%             0-> 2.00 radl:    3.68%     1.31% 
    2.00-> 3.00 radl:    5.71%       2.16%             0-> 3.00 radl:    9.40%     3.13% 
    3.00-> 4.00 radl:    8.98%       3.20%             0-> 4.00 radl:   18.38%     5.79% 
    4.00-> 5.00 radl:   10.88%       3.07%             0-> 5.00 radl:   29.26%     8.15% 
    5.00-> 6.00 radl:   11.34%       2.53%             0-> 6.00 radl:   40.60%     9.64% 
    6.00-> 7.00 radl:   10.73%       1.89%             0-> 7.00 radl:   51.33%     9.90% 
    7.00-> 8.00 radl:    9.51%       1.75%             0-> 8.00 radl:   60.84%     9.70% 
    8.00-> 9.00 radl:    8.02%       1.80%             0-> 9.00 radl:   68.86%     8.93% 
    9.00->10.00 radl:    6.61%       1.91%             0->10.00 radl:   75.47%     7.69% 
   10.00->11.00 radl:    5.19%       1.66%             0->11.00 radl:   80.67%     6.46% 
   11.00->12.00 radl:    4.14%       1.69%             0->12.00 radl:   84.81%     5.00% 
   12.00->13.00 radl:    3.13%       1.38%             0->13.00 radl:   87.93%     3.86% 
   13.00->14.00 radl:    2.25%       1.10%             0->14.00 radl:   90.18%     2.97% 
   14.00->15.00 radl:    1.64%       0.88%             0->15.00 radl:   91.83%     2.29% 
   15.00->16.00 radl:    1.25%       0.66%             0->16.00 radl:   93.08%     1.77% 
   16.00->17.00 radl:    0.87%       0.61%             0->17.00 radl:   93.95%     1.31% 
   17.00->18.00 radl:    0.65%       0.44%             0->18.00 radl:   94.60%     1.04% 
   18.00->19.00 radl:    0.46%       0.37%             0->19.00 radl:   95.05%     0.82% 
   19.00->20.00 radl:    0.34%       0.27%             0->20.00 radl:   95.39%     0.70% 



                  RADIAL PROFILE                         CUMULATIVE  RADIAL PROFILE

        bin              Mean         rms                 bin            Mean      rms 

    0.00-> 0.25 radl:   34.23%       2.40%             0-> 0.25 radl:   34.23%     2.40% 
    0.25-> 0.50 radl:   19.16%       1.49%             0-> 0.50 radl:   53.39%     2.25% 
    0.50-> 0.75 radl:   11.09%       1.17%             0-> 0.75 radl:   64.48%     2.09% 
    0.75-> 1.00 radl:    6.93%       0.89%             0-> 1.00 radl:   71.41%     1.89% 
    1.00-> 1.25 radl:    4.83%       0.66%             0-> 1.25 radl:   76.24%     1.66% 
    1.25-> 1.50 radl:    3.58%       0.58%             0-> 1.50 radl:   79.82%     1.58% 
    1.50-> 1.75 radl:    2.68%       0.44%             0-> 1.75 radl:   82.49%     1.50% 
    1.75-> 2.00 radl:    2.21%       0.44%             0-> 2.00 radl:   84.70%     1.39% 
    2.00-> 2.25 radl:    1.85%       0.36%             0-> 2.25 radl:   86.55%     1.31% 
    2.25-> 2.50 radl:    1.55%       0.34%             0-> 2.50 radl:   88.10%     1.20% 
    2.50-> 2.75 radl:    1.30%       0.27%             0-> 2.75 radl:   89.39%     1.12% 
    2.75-> 3.00 radl:    1.09%       0.24%             0-> 3.00 radl:   90.48%     1.03% 
    3.00-> 3.25 radl:    0.92%       0.23%             0-> 3.25 radl:   91.39%     0.98% 
    3.25-> 3.50 radl:    0.84%       0.24%             0-> 3.50 radl:   92.23%     0.91% 
    3.50-> 3.75 radl:    0.71%       0.19%             0-> 3.75 radl:   92.94%     0.89% 
    3.75-> 4.00 radl:    0.64%       0.18%             0-> 4.00 radl:   93.58%     0.80% 
    4.00-> 4.25 radl:    0.58%       0.19%             0-> 4.25 radl:   94.16%     0.76% 
    4.25-> 4.50 radl:    0.47%       0.14%             0-> 4.50 radl:   94.63%     0.72% 
    4.50-> 4.75 radl:    0.42%       0.12%             0-> 4.75 radl:   95.05%     0.71% 
    4.75-> 5.00 radl:    0.34%       0.12%             0-> 5.00 radl:   95.39%     0.70% 

                              SUMMARY
                         energy deposit :   95.39 % E0 +-    0.70 % E0
                         charged traklen:  495.05 radl +-    5.64 radl
                         neutral traklen: 4446.14 radl +-  140.46 radl

--------- Ranecu engine status ---------
 Initial seed (index) = 0
 Current couple of seeds = 555674137, 1417526356
----------------------------------------

<<<<<ACCEPTANCE>>>>> 100 events for Total Energy in Absorber
Edep: 0.95392089612848  delEdep= 0.0025188761284809 nrms= 3.071800156684
<<<<<END>>>>>   IS ACCEPTED

G4 kernel has come to Quit state.
================== Deleting memory pools ===================
Number of memory pools allocated: 10 of which, static: 0
Dynamic pools deleted: 10 / Total memory freed: 0.58 Mb
============================================================
RunManagerKernel is deleted. Good bye :)
