
        ############################################
        !!! WARNING - FPE detection is activated !!!
        ############################################

*************************************************************
 Geant4 version Name: geant4-10-00-ref-00    (6-December-2013)
                      Copyright : Geant4 Collaboration
                      Reference : NIM A 506 (2003), 250-303
                            WWW : http://cern.ch/geant4
*************************************************************

PhysicsList::SetCuts:CutLength : 1 nm 
Visualization Manager instantiating with verbosity "warnings (3)"...
Visualization Manager initialising...
Registering graphics systems...

You have successfully registered the following graphics systems.
Current available graphics systems are:
  ASCIITree (ATree)
  DAWNFILE (DAWNFILE)
  G4HepRep (HepRepXML)
  G4HepRepFile (HepRepFile)
  RayTracer (RayTracer)
  VRML1FILE (VRML1FILE)
  VRML2FILE (VRML2FILE)
  gMocrenFile (gMocrenFile)

Registering model factories...

You have successfully registered the following model factories.
Registered model factories:
  generic
  drawByCharge
  drawByParticleID
  drawByOriginVolume
  drawByAttribute

Registered filter factories:
  chargeFilter
  particleFilter
  originVolumeFilter
  attributeFilter

You have successfully registered the following user vis actions.
Run Duration User Vis Actions: none
End of Event User Vis Actions: none
End of Run User Vis Actions: none

Some /vis commands (optionally) take a string to specify colour.
Available colours:
  black, blue, brown, cyan, gray, green, grey, magenta, red, white, yellow

/run/verbose 1
/run/initialize
/tracking/verbose 0
/process/list
     Transportation,      DNAExcitation,      DNAIonisation,  DNAChargeDecrease
  DNAChargeIncrease,         DNAElastic,DNAVibrationalExcitation,      DNAAttachment

/particle/list
         GenericIon,                He3,              Ps-1s,              Ps-2s
              alpha,             alpha+,           anti_He3,         anti_alpha
      anti_deuteron,        anti_proton,        anti_triton,             carbon
           deuteron,                 e+,                 e-,              gamma
           geantino,             helium,           hydrogen,               iron
           nitrogen,      opticalphoton,             oxygen,             proton
             triton,
/run/particle/dumpCutValues
#
/gun/direction 0 0 1
#
/gun/particle e-
/gun/energy 10000 eV
/run/beamOn 1

DNAElastic:   for  e-    SubType= 51
 Total cross sections computed from DNAScreenedRutherfordElasticModel model
      ===== EM models for the G4Region  DefaultRegionForTheWorld ======
DNAScreenedRutherfordElasticModel :  Emin=        0 eV    Emax=        1 MeV

DNAExcitation:   for  e-    SubType= 52
 Total cross sections computed from DNABornExcitationModel
      ===== EM models for the G4Region  DefaultRegionForTheWorld ======
DNABornExcitationModel :  Emin=        0 eV    Emax=        1 MeV

DNAIonisation:   for  e-    SubType= 53
 Total cross sections computed from DNABornIonisationModel
      ===== EM models for the G4Region  DefaultRegionForTheWorld ======
DNABornIonisationModel :  Emin=        0 eV    Emax=        1 MeV

DNAVibrationalExcitation:   for  e-    SubType= 54
 Total cross sections computed from DNASancheExcitationModel
      ===== EM models for the G4Region  DefaultRegionForTheWorld ======
DNASancheExcitationModel :  Emin=        0 eV    Emax=      100 eV 

DNAAttachment:   for  e-    SubType= 55
 Total cross sections computed from DNAMeltonAttachmentModel
      ===== EM models for the G4Region  DefaultRegionForTheWorld ======
DNAMeltonAttachmentModel :  Emin=        0 eV    Emax=       13 eV 

DNAExcitation:   for  proton    SubType= 52
 Total cross sections computed from DNAMillerGreenExcitationModel and DNABornExcitationModel models
      ===== EM models for the G4Region  DefaultRegionForTheWorld ======
DNAMillerGreenExcitationModel :  Emin=        0 eV    Emax=      500 keV
DNABornExcitationModel :  Emin=      500 keV   Emax=      100 MeV

DNAIonisation:   for  proton    SubType= 53
 Total cross sections computed from DNARuddIonisationModel and DNABornIonisationModel models
      ===== EM models for the G4Region  DefaultRegionForTheWorld ======
DNARuddIonisationModel :  Emin=        0 eV    Emax=      500 keV
DNABornIonisationModel :  Emin=      500 keV   Emax=      100 MeV

DNAChargeDecrease:   for  proton    SubType= 56
 Total cross sections computed from DNADingfelderChargeDecreaseModel model
      ===== EM models for the G4Region  DefaultRegionForTheWorld ======
DNADingfelderChargeDecreaseModel :  Emin=        0 eV    Emax=      100 MeV

DNAExcitation:   for  alpha    SubType= 52
 Total cross sections computed from DNAMillerGreenExcitationModel
      ===== EM models for the G4Region  DefaultRegionForTheWorld ======
DNAMillerGreenExcitationModel :  Emin=        0 eV    Emax=      400 MeV

DNAIonisation:   for  alpha    SubType= 53
 Total cross sections computed from DNARuddIonisationModel
      ===== EM models for the G4Region  DefaultRegionForTheWorld ======
DNARuddIonisationModel :  Emin=        0 eV    Emax=      400 MeV

DNAChargeDecrease:   for  alpha    SubType= 56
 Total cross sections computed from DNADingfelderChargeDecreaseModel model
      ===== EM models for the G4Region  DefaultRegionForTheWorld ======
DNADingfelderChargeDecreaseModel :  Emin=        0 eV    Emax=      400 MeV

========= Table of registered couples ==============================

Index : 0     used in the geometry : Yes
 Material : G4_WATER
 Range cuts        :  gamma  1 nm     e-  1 nm     e+  1 nm  proton 1 nm 
 Energy thresholds :  gamma  990 eV     e-  990 eV     e+  990 eV  proton 0.1 eV 
 Region(s) which use this couple : 
    DefaultRegionForTheWorld

====================================================================

### Run 0 starts.
Run terminated.
Run Summary
  Number of events processed : 1
  User=0.33s Real=0.33s Sys=0s

 The run consists of 1 e- of 10 keV through 1 m   of G4_WATER (density: 1 g/cm3 )

 Process calls frequency --->	DNAElastic = 22592	DNAIonisation = 510	DNAExcitation = 57	DNAVibrationalExcitation = 1728	DNAAttachment = 1
 Total transfered energy (keV)=10

#
/gun/particle proton
/gun/energy 0.01 MeV
/run/beamOn 1

========= Table of registered couples ==============================

Index : 0     used in the geometry : Yes
 Material : G4_WATER
 Range cuts        :  gamma  1 nm     e-  1 nm     e+  1 nm  proton 1 nm 
 Energy thresholds :  gamma  990 eV     e-  990 eV     e+  990 eV  proton 0.1 eV 
 Region(s) which use this couple : 
    DefaultRegionForTheWorld

====================================================================

### Run 1 starts.
Run terminated.
Run Summary
  Number of events processed : 1
  User=0.29s Real=0.29s Sys=0s

 The run consists of 1 proton of 10 keV through 1 m   of G4_WATER (density: 1 g/cm3 )

 Process calls frequency --->	DNAChargeDecrease = 228	DNAIonisation = 392	DNAChargeIncrease = 227	DNAElastic = 3150	DNAVibrationalExcitation = 216	DNAExcitation = 55	DNAAttachment = 1
 Total transfered energy (keV)=10.01

#
/gun/particle hydrogen
/gun/energy 0.01 MeV
/run/beamOn 1

========= Table of registered couples ==============================

Index : 0     used in the geometry : Yes
 Material : G4_WATER
 Range cuts        :  gamma  1 nm     e-  1 nm     e+  1 nm  proton 1 nm 
 Energy thresholds :  gamma  990 eV     e-  990 eV     e+  990 eV  proton 0.1 eV 
 Region(s) which use this couple : 
    DefaultRegionForTheWorld

====================================================================

### Run 2 starts.
Run terminated.
Run Summary
  Number of events processed : 1
  User=0.29s Real=0.3s Sys=0s

 The run consists of 1 hydrogen of 10 keV through 1 m   of G4_WATER (density: 1 g/cm3 )

 Process calls frequency --->	DNAExcitation = 49	DNAIonisation = 414	DNAChargeIncrease = 205	DNAElastic = 2855	DNAChargeDecrease = 204	DNAVibrationalExcitation = 193
 Total transfered energy (keV)=9.9883

#
/gun/particle alpha
/gun/energy 0.01 MeV
/run/beamOn 1

========= Table of registered couples ==============================

Index : 0     used in the geometry : Yes
 Material : G4_WATER
 Range cuts        :  gamma  1 nm     e-  1 nm     e+  1 nm  proton 1 nm 
 Energy thresholds :  gamma  990 eV     e-  990 eV     e+  990 eV  proton 0.1 eV 
 Region(s) which use this couple : 
    DefaultRegionForTheWorld

====================================================================

### Run 3 starts.
Run terminated.
Run Summary
  Number of events processed : 1
  User=0.74s Real=0.73s Sys=0s

 The run consists of 1 alpha of 10 keV through 1 m   of G4_WATER (density: 1 g/cm3 )

 Process calls frequency --->	DNAIonisation = 572	DNAChargeDecrease = 2	DNAExcitation = 58	DNAElastic = 571
 Total transfered energy (keV)=10.076

#
/gun/particle alpha+
/gun/energy 0.01 MeV
/run/beamOn 1

========= Table of registered couples ==============================

Index : 0     used in the geometry : Yes
 Material : G4_WATER
 Range cuts        :  gamma  1 nm     e-  1 nm     e+  1 nm  proton 1 nm 
 Energy thresholds :  gamma  990 eV     e-  990 eV     e+  990 eV  proton 0.1 eV 
 Region(s) which use this couple : 
    DefaultRegionForTheWorld

====================================================================

### Run 4 starts.
Run terminated.
Run Summary
  Number of events processed : 1
  User=0.81s Real=0.81s Sys=0s

 The run consists of 1 alpha+ of 10 keV through 1 m   of G4_WATER (density: 1 g/cm3 )

 Process calls frequency --->	DNAChargeDecrease = 1	DNAIonisation = 558	DNAExcitation = 49	DNAElastic = 557
 Total transfered energy (keV)=10.023

#
/gun/particle helium
/gun/energy 0.01 MeV
/run/beamOn 1

========= Table of registered couples ==============================

Index : 0     used in the geometry : Yes
 Material : G4_WATER
 Range cuts        :  gamma  1 nm     e-  1 nm     e+  1 nm  proton 1 nm 
 Energy thresholds :  gamma  990 eV     e-  990 eV     e+  990 eV  proton 0.1 eV 
 Region(s) which use this couple : 
    DefaultRegionForTheWorld

====================================================================

### Run 5 starts.
Run terminated.
Run Summary
  Number of events processed : 1
  User=0.78s Real=0.79s Sys=0s

 The run consists of 1 helium of 10 keV through 1 m   of G4_WATER (density: 1 g/cm3 )

 Process calls frequency --->	DNAIonisation = 557	DNAExcitation = 54	DNAElastic = 556
 Total transfered energy (keV)=10

#
Graphics systems deleted.
Visualization Manager deleting...
G4 kernel has come to Quit state.
================== Deleting memory pools ===================
Number of memory pools allocated: 10 of which, static: 0
Dynamic pools deleted: 10 / Total memory freed: 0.28 Mb
============================================================
RunManagerKernel is deleted. Good bye :)
