
        ############################################
        !!! WARNING - FPE detection is activated !!!
        ############################################

*************************************************************
 Geant4 version Name: global-V09-02-02    (5-June-2009)
                      Copyright : Geant4 Collaboration
                      Reference : NIM A 506 (2003), 250-303
                            WWW : http://cern.ch/geant4
*************************************************************

/run/verbose 2
#
/testem/det/setAbsMat Silicon
/testem/det/setAbsThick 20 um
/testem/det/setAbsYZ 50 um
#
#/testem/phys/addPhysics  empenelope
/testem/phys/addPhysics emlivermore
#/testem/phys/addPhysics  emstandard
#/testem/phys/addPhysics  emstandard_opt3
#
/testem/phys/setCuts 7 um
#
/run/initialize
userDetector->Construct() start.

 Material: Galactic     density:  0.000 kg/m3   RadL: 204727512.315 pc   Nucl.Int.Length: 113804112.800 pc   Imean:  21.800 eV   temperature:   2.73 K  pressure:   0.00 atm
   --->  Element: Galactic ( )   Z =  1.0   N =   1.0   A =   1.01 g/mole  ElmMassFraction: 100.00 %  ElmAbundance 100.00 %

 Material:  Silicon     density:  2.330 g/cm3   RadL:   9.368 cm   Nucl.Int.Length:  45.663 cm   Imean: 173.600 eV 
   --->  Element: Silicon ( )   Z = 14.0   N =  28.1   A =  28.09 g/mole  ElmMassFraction: 100.00 %  ElmAbundance 100.00 %

 The  WORLD   is made of 30 um  of Galactic. The transverse size (YZ) of the world is 60 um 
 The ABSORBER is made of 20 um  of Silicon. The transverse size (YZ) is 50 um 
 X position of the middle of the absorber 0 fm 
World is registered to the default region.
physicsList->Construct() start.
physicsList->Construct() start.
physicsList->setCut() start.
PhysicsList::SetCuts:CutLength : 1 mm 
#
/testem/gun/setDefault
/gun/particle e-
/gun/energy 100 MeV
#
/testem/histo/setFileName test53
/testem/histo/setFileType root
/testem/histo/setHisto 13 100 -0.25 0.25 mrad
----> SetHisto 13: (transmit, charged) : projected angle at exit (mrad);  100 bins from -0.25 mrad to 0.25 mrad
#
/run/beamOn 100000

phot:   for  gamma    SubType= 12
      ===== EM models for the G4Region  DefaultRegionForTheWorld ======
 LivermorePhElectric :     Emin=          0 eV         Emax=   1 GeV
       PhotoElectric :     Emin=          1 GeV        Emax=   10 TeV

compt:   for  gamma    SubType= 13
      Lambda tables from 100 eV  to 10 TeV in 220 bins, spline: 1
      ===== EM models for the G4Region  DefaultRegionForTheWorld ======
    LivermoreCompton :     Emin=          0 eV         Emax=   1 GeV
       Klein-Nishina :     Emin=          1 GeV        Emax=   10 TeV

conv:   for  gamma    SubType= 14
      Lambda tables from 1.022 MeV to 10 TeV in 220 bins, spline: 1
      ===== EM models for the G4Region  DefaultRegionForTheWorld ======
 LivermoreConversion :     Emin=          0 eV         Emax=   1 GeV
       Bethe-Heitler :     Emin=          1 GeV        Emax=   10 TeV

Rayl:   for  gamma    SubType= 11
      Lambda tables from 100 eV  to 10 TeV in 200 bins, spline: 1
      ===== EM models for the G4Region  DefaultRegionForTheWorld ======
   LivermoreRayleigh :     Emin=          0 eV         Emax=   1 GeV
   LivermoreRayleigh :     Emin=          1 GeV        Emax=   100 GeV

msc:   for e-    SubType= 10
      Lambda tables from 100 eV  to 10 TeV in 220 bins, spline: 1
      RangeFactor= 0.04, step limit type: 2, lateralDisplacement: 1, skin= 3, geomFactor= 2.5
      ===== EM models for the G4Region  DefaultRegionForTheWorld ======
        UrbanMscUni2 :     Emin=          0 eV         Emax=   100 TeV

eIoni:   for  e-    SubType= 2
      dE/dx and range tables from 100 eV  to 10 TeV in 220 bins
      Lambda tables from threshold to 10 TeV in 220 bins, spline: 1
      finalRange(mm)= 0.1, dRoverRange= 0.2, integral: 1, fluct: 1, linLossLimit= 0.01
      ===== EM models for the G4Region  DefaultRegionForTheWorld ======
       LowEnergyIoni :     Emin=          0 eV         Emax=   100 GeV
        MollerBhabha :     Emin=        100 GeV        Emax=   10 TeV

eBrem:   for  e-    SubType= 3
      dE/dx and range tables from 100 eV  to 10 TeV in 220 bins
      Lambda tables from threshold to 10 TeV in 220 bins, spline: 1
      LPM flag: 1 for E > 1 GeV
      ===== EM models for the G4Region  DefaultRegionForTheWorld ======
           LowEnBrem :     Emin=          0 eV         Emax=   100 GeV
            eBremRel :     Emin=        100 GeV        Emax=   10 TeV

eIoni:   for  e+    SubType= 2
      dE/dx and range tables from 100 eV  to 10 TeV in 220 bins
      Lambda tables from threshold to 10 TeV in 220 bins, spline: 1
      finalRange(mm)= 0.1, dRoverRange= 0.2, integral: 1, fluct: 1, linLossLimit= 0.01
      ===== EM models for the G4Region  DefaultRegionForTheWorld ======
        MollerBhabha :     Emin=          0 eV         Emax=   10 TeV

eBrem:   for  e+    SubType= 3
      dE/dx and range tables from 100 eV  to 10 TeV in 220 bins
      Lambda tables from threshold to 10 TeV in 220 bins, spline: 1
      LPM flag: 1 for E > 1 GeV
      ===== EM models for the G4Region  DefaultRegionForTheWorld ======
               eBrem :     Emin=          0 eV         Emax=   1 GeV
            eBremRel :     Emin=          1 GeV        Emax=   10 TeV

annihil:   for  e+    SubType= 5
      Lambda tables from 100 eV  to 10 TeV in 220 bins, spline: 1
      ===== EM models for the G4Region  DefaultRegionForTheWorld ======
            eplus2gg :     Emin=          0 eV         Emax=   10 TeV

msc:   for proton    SubType= 10
      Lambda tables from 100 eV  to 10 TeV in 220 bins, spline: 1
      RangeFactor= 0.2, step limit type: 0, lateralDisplacement: 1, skin= 3
      ===== EM models for the G4Region  DefaultRegionForTheWorld ======
       UrbanMscUni90 :     Emin=          0 eV         Emax=   100 TeV

hIoni:   for  proton    SubType= 2
      dE/dx and range tables from 100 eV  to 10 TeV in 220 bins
      Lambda tables from threshold to 10 TeV in 220 bins, spline: 1
      finalRange(mm)= 0.05, dRoverRange= 0.2, integral: 1, fluct: 1, linLossLimit= 0.01
      NuclearStopping= 1
      ===== EM models for the G4Region  DefaultRegionForTheWorld ======
               Bragg :     Emin=          0 eV         Emax=   2 MeV
          BetheBloch :     Emin=          2 MeV        Emax=   10 TeV

hBrems:   for  proton    SubType= 3
      dE/dx and range tables from 100 eV  to 10 TeV in 220 bins
      Lambda tables from threshold to 10 TeV in 220 bins, spline: 1
      ===== EM models for the G4Region  DefaultRegionForTheWorld ======
               hBrem :     Emin=          0 eV         Emax=   100 TeV

hPairProd:   for  proton    SubType= 4
      dE/dx and range tables from 100 eV  to 10 TeV in 220 bins
      Lambda tables from threshold to 10 TeV in 220 bins, spline: 1
      ===== EM models for the G4Region  DefaultRegionForTheWorld ======
           hPairProd :     Emin=          0 eV         Emax=   100 TeV

msc:   for GenericIon    SubType= 10
      RangeFactor= 0.2, step limit type: 0, lateralDisplacement: 0, skin= 3
      ===== EM models for the G4Region  DefaultRegionForTheWorld ======
       UrbanMscUni90 :     Emin=          0 eV         Emax=   100 TeV

ionIoni:   for  GenericIon    SubType= 2
      dE/dx and range tables from 100 eV  to 10 TeV in 220 bins
      Lambda tables from threshold to 10 TeV in 220 bins, spline: 1
      finalRange(mm)= 0.02, dRoverRange= 0.1, integral: 1, fluct: 1, linLossLimit= 0.15
      Stopping Power data for 16 ion/material pairs, nuclearStopping: 1
      ===== EM models for the G4Region  DefaultRegionForTheWorld ======
         ParamICRU73 :     Emin=          0 eV         Emax=   100 TeV

hIoni:   for  anti_proton    SubType= 2
      dE/dx and range tables from 100 eV  to 10 TeV in 220 bins
      Lambda tables from threshold to 10 TeV in 220 bins, spline: 1
      finalRange(mm)= 1, dRoverRange= 0.2, integral: 1, fluct: 1, linLossLimit= 0.01
      NuclearStopping= 1
      ===== EM models for the G4Region  DefaultRegionForTheWorld ======
               Bragg :     Emin=          0 eV         Emax=   2 MeV
          BetheBloch :     Emin=          2 MeV        Emax=   10 TeV

hIoni:   for  kaon+    SubType= 2
      dE/dx and range tables from 100 eV  to 10 TeV in 220 bins
      Lambda tables from threshold to 10 TeV in 220 bins, spline: 1
      finalRange(mm)= 0.05, dRoverRange= 0.2, integral: 1, fluct: 1, linLossLimit= 0.01
      NuclearStopping= 0
      ===== EM models for the G4Region  DefaultRegionForTheWorld ======
               Bragg :     Emin=          0 eV         Emax=   1.05231 MeV
          BetheBloch :     Emin=    1.05231 MeV        Emax=   10 TeV

hBrems:   for  kaon+    SubType= 3
      dE/dx and range tables from 100 eV  to 10 TeV in 220 bins
      Lambda tables from threshold to 10 TeV in 220 bins, spline: 1
      ===== EM models for the G4Region  DefaultRegionForTheWorld ======
               hBrem :     Emin=          0 eV         Emax=   100 TeV

hPairProd:   for  kaon+    SubType= 4
      dE/dx and range tables from 100 eV  to 10 TeV in 220 bins
      Lambda tables from threshold to 10 TeV in 220 bins, spline: 1
      ===== EM models for the G4Region  DefaultRegionForTheWorld ======
           hPairProd :     Emin=          0 eV         Emax=   100 TeV

hIoni:   for  kaon-    SubType= 2
      dE/dx and range tables from 100 eV  to 10 TeV in 220 bins
      Lambda tables from threshold to 10 TeV in 220 bins, spline: 1
      finalRange(mm)= 0.05, dRoverRange= 0.2, integral: 1, fluct: 1, linLossLimit= 0.01
      NuclearStopping= 0
      ===== EM models for the G4Region  DefaultRegionForTheWorld ======
               Bragg :     Emin=          0 eV         Emax=   1.05231 MeV
          BetheBloch :     Emin=    1.05231 MeV        Emax=   10 TeV

hBrems:   for  kaon-    SubType= 3
      dE/dx and range tables from 100 eV  to 10 TeV in 220 bins
      Lambda tables from threshold to 10 TeV in 220 bins, spline: 1
      ===== EM models for the G4Region  DefaultRegionForTheWorld ======
               hBrem :     Emin=          0 eV         Emax=   100 TeV

hPairProd:   for  kaon-    SubType= 4
      dE/dx and range tables from 100 eV  to 10 TeV in 220 bins
      Lambda tables from threshold to 10 TeV in 220 bins, spline: 1
      ===== EM models for the G4Region  DefaultRegionForTheWorld ======
           hPairProd :     Emin=          0 eV         Emax=   100 TeV

msc:   for mu+    SubType= 10
      Lambda tables from 100 eV  to 10 TeV in 220 bins, spline: 1
      RangeFactor= 0.04, step limit type: 1, lateralDisplacement: 1, skin= 3, geomFactor= 2.5
      ===== EM models for the G4Region  DefaultRegionForTheWorld ======
        UrbanMscUni2 :     Emin=          0 eV         Emax=   100 TeV

muIoni:   for  mu+    SubType= 2
      dE/dx and range tables from 100 eV  to 10 TeV in 220 bins
      Lambda tables from threshold to 10 TeV in 220 bins, spline: 1
      finalRange(mm)= 0.05, dRoverRange= 0.2, integral: 1, fluct: 1, linLossLimit= 0.01
      ===== EM models for the G4Region  DefaultRegionForTheWorld ======
               Bragg :     Emin=          0 eV         Emax=   200 keV
          BetheBloch :     Emin=        200 keV        Emax=   1 GeV
        MuBetheBloch :     Emin=          1 GeV        Emax=   10 TeV

muBrems:   for  mu+    SubType= 3
      dE/dx and range tables from 100 eV  to 10 TeV in 220 bins
      Lambda tables from threshold to 10 TeV in 220 bins, spline: 1
      ===== EM models for the G4Region  DefaultRegionForTheWorld ======
              MuBrem :     Emin=          0 eV         Emax=   10 TeV

muPairProd:   for  mu+    SubType= 4
      dE/dx and range tables from 100 eV  to 10 TeV in 220 bins
      Lambda tables from threshold to 10 TeV in 220 bins, spline: 1
      ===== EM models for the G4Region  DefaultRegionForTheWorld ======
          muPairProd :     Emin=          0 eV         Emax=   10 TeV

muIoni:   for  mu-    SubType= 2
      dE/dx and range tables from 100 eV  to 10 TeV in 220 bins
      Lambda tables from threshold to 10 TeV in 220 bins, spline: 1
      finalRange(mm)= 0.05, dRoverRange= 0.2, integral: 1, fluct: 1, linLossLimit= 0.01
      ===== EM models for the G4Region  DefaultRegionForTheWorld ======
               Bragg :     Emin=          0 eV         Emax=   200 keV
          BetheBloch :     Emin=        200 keV        Emax=   1 GeV
        MuBetheBloch :     Emin=          1 GeV        Emax=   10 TeV

muBrems:   for  mu-    SubType= 3
      dE/dx and range tables from 100 eV  to 10 TeV in 220 bins
      Lambda tables from threshold to 10 TeV in 220 bins, spline: 1
      ===== EM models for the G4Region  DefaultRegionForTheWorld ======
              MuBrem :     Emin=          0 eV         Emax=   10 TeV

muPairProd:   for  mu-    SubType= 4
      dE/dx and range tables from 100 eV  to 10 TeV in 220 bins
      Lambda tables from threshold to 10 TeV in 220 bins, spline: 1
      ===== EM models for the G4Region  DefaultRegionForTheWorld ======
          muPairProd :     Emin=          0 eV         Emax=   10 TeV

hIoni:   for  pi+    SubType= 2
      dE/dx and range tables from 100 eV  to 10 TeV in 220 bins
      Lambda tables from threshold to 10 TeV in 220 bins, spline: 1
      finalRange(mm)= 0.05, dRoverRange= 0.2, integral: 1, fluct: 1, linLossLimit= 0.01
      NuclearStopping= 0
      ===== EM models for the G4Region  DefaultRegionForTheWorld ======
               Bragg :     Emin=          0 eV         Emax=   297.504 keV
          BetheBloch :     Emin=    297.504 keV        Emax=   10 TeV

hBrems:   for  pi+    SubType= 3
      dE/dx and range tables from 100 eV  to 10 TeV in 220 bins
      Lambda tables from threshold to 10 TeV in 220 bins, spline: 1
      ===== EM models for the G4Region  DefaultRegionForTheWorld ======
               hBrem :     Emin=          0 eV         Emax=   100 TeV

hPairProd:   for  pi+    SubType= 4
      dE/dx and range tables from 100 eV  to 10 TeV in 220 bins
      Lambda tables from threshold to 10 TeV in 220 bins, spline: 1
      ===== EM models for the G4Region  DefaultRegionForTheWorld ======
           hPairProd :     Emin=          0 eV         Emax=   100 TeV

msc:   for pi-    SubType= 10
      Lambda tables from 100 eV  to 10 TeV in 220 bins, spline: 1
      RangeFactor= 0.2, step limit type: 0, lateralDisplacement: 1, skin= 3
      ===== EM models for the G4Region  DefaultRegionForTheWorld ======
       UrbanMscUni90 :     Emin=          0 eV         Emax=   100 TeV

hIoni:   for  pi-    SubType= 2
      dE/dx and range tables from 100 eV  to 10 TeV in 220 bins
      Lambda tables from threshold to 10 TeV in 220 bins, spline: 1
      finalRange(mm)= 0.05, dRoverRange= 0.2, integral: 1, fluct: 1, linLossLimit= 0.01
      NuclearStopping= 0
      ===== EM models for the G4Region  DefaultRegionForTheWorld ======
               Bragg :     Emin=          0 eV         Emax=   297.504 keV
          BetheBloch :     Emin=    297.504 keV        Emax=   10 TeV

hBrems:   for  pi-    SubType= 3
      dE/dx and range tables from 100 eV  to 10 TeV in 220 bins
      Lambda tables from threshold to 10 TeV in 220 bins, spline: 1
      ===== EM models for the G4Region  DefaultRegionForTheWorld ======
               hBrem :     Emin=          0 eV         Emax=   100 TeV

hPairProd:   for  pi-    SubType= 4
      dE/dx and range tables from 100 eV  to 10 TeV in 220 bins
      Lambda tables from threshold to 10 TeV in 220 bins, spline: 1
      ===== EM models for the G4Region  DefaultRegionForTheWorld ======
           hPairProd :     Emin=          0 eV         Emax=   100 TeV

Region <DefaultRegionForTheWorld> -- appears in <World> world volume
 Root logical volume(s) : World 
 Pointers : G4VUserRegionInformation[0], G4UserLimits[0], G4FastSimulationManager[0], G4UserSteppingAction[0]
 Materials : Galactic Silicon 
 Production cuts :  gamma 7 um     e- 7 um     e+ 7 um 

========= Table of registered couples ==============================

Index : 0     used in the geometry : Yes     recalculation needed : No 
 Material : Galactic
 Range cuts        :  gamma 7 um     e- 7 um     e+ 7 um 
 Energy thresholds :  gamma 990 eV     e- 990 eV     e+ 990 eV 
 Region(s) which use this couple : 
    DefaultRegionForTheWorld

Index : 1     used in the geometry : Yes     recalculation needed : No 
 Material : Silicon
 Range cuts        :  gamma 7 um     e- 7 um     e+ 7 um 
 Energy thresholds :  gamma 990 eV     e- 20.7856 keV    e+ 20.268 keV
 Region(s) which use this couple : 
    DefaultRegionForTheWorld

====================================================================

Start closing geometry.
G4GeometryManager::ReportVoxelStats -- Voxel Statistics

    Total memory consumed for geometry optimisation:   0 kByte
    Total CPU time elapsed for geometry optimisation: 0 seconds
### Run 0 start.

--------- Ranecu engine status ---------
 Initial seed (index) = 0
 Current couple of seeds = 9876, 54321
----------------------------------------
Start Run processing.

---> Begin of Event: 0

---> Begin of Event: 10000

---> Begin of Event: 20000

---> Begin of Event: 30000

---> Begin of Event: 40000

---> Begin of Event: 50000

---> Begin of Event: 60000

---> Begin of Event: 70000

---> Begin of Event: 80000

---> Begin of Event: 90000
Run terminated.
Run Summary
  Number of events processed : 100000
  User=7.81s Real=10.15s Sys=2.33s

 ======================== run summary ======================

 The run was 100000 e- of 100 MeV through 20 um  of Silicon (density: 2.33 g/cm3 )

 Total energy deposit in absorber per event = 6.381 keV +- 15.36 eV 

 -----> Mean dE/dx = 3.19 MeV/cm	(1.369 MeV*cm2/g)

 From formulas :
   restricted dEdx = 2.973 MeV/cm	(1.276 MeV*cm2/g)
   full dEdx       = 13.55 MeV/cm	(5.814 MeV*cm2/g)

 Leakage :  primary = 99.97 MeV +- 2.805 keV   secondaries = 18.97 keV +- 2.804 keV
 Energy balance :  edep + eleak = 100 MeV

 Total track length (charged) in absorber per event = 20.26 um  +- 7.697 nm 
 Total track length (neutral) in absorber per event = 25.55 nm  +- 1.806 nm 

 Number of steps (charged) in absorber per event = 7.168 +- 8.773e-06
 Number of steps (neutral) in absorber per event = 0.00298 +- 8.773e-06

 Number of secondaries per event : Gammas = 0.00298;   electrons = 0.01753;   positrons = 0

 Number of events with the primary particle transmitted = 100 %
 Number of events with at least  1 particle transmitted (same charge as primary) = 100 %

 Number of events with the primary particle reflected = 0 %
 Number of events with at least  1 particle reflected (same charge as primary) = 0.139 %

 MultipleScattering:
  rms proj angle of transmit primary particle = 1.218 mrad (central part only)
  computed theta0 (Highland formula)          = 1.342 mrad
  central part defined as +- 4.026 mrad;   Tail ratio = 2.359 %

--------- Ranecu engine status ---------
 Initial seed (index) = 0
 Current couple of seeds = 1180105586, 436074614
----------------------------------------
#
/testem/det/setAbsMat Gold
/testem/det/setAbsThick 9.658 um
/testem/det/setAbsYZ 1 mm
/testem/det/update

 Material: Galactic     density:  0.000 kg/m3   RadL: 204727512.315 pc   Nucl.Int.Length: 113804112.800 pc   Imean:  21.800 eV   temperature:   2.73 K  pressure:   0.00 atm
   --->  Element: Galactic ( )   Z =  1.0   N =   1.0   A =   1.01 g/mole  ElmMassFraction: 100.00 %  ElmAbundance 100.00 %

 Material:     Gold     density: 19.320 g/cm3   RadL:   3.344 mm   Nucl.Int.Length:  10.540 cm   Imean: 790.000 eV 
   --->  Element: Gold ( )   Z = 79.0   N = 197.0   A = 196.97 g/mole  ElmMassFraction: 100.00 %  ElmAbundance 100.00 %

 The  WORLD   is made of 14.487 um  of Galactic. The transverse size (YZ) of the world is 1.2 mm 
 The ABSORBER is made of 9.658 um  of Gold. The transverse size (YZ) is 1 mm 
 X position of the middle of the absorber 0 fm 
Obsolete world logical volume is removed from the default region.
World is registered to the default region.
/testem/gun/setDefault
/gun/particle e-
/gun/energy 15.7 MeV
/run/beamOn 100000

phot:   for  gamma    SubType= 12
      ===== EM models for the G4Region  DefaultRegionForTheWorld ======
 LivermorePhElectric :     Emin=          0 eV         Emax=   1 GeV
       PhotoElectric :     Emin=          1 GeV        Emax=   10 TeV

compt:   for  gamma    SubType= 13
      Lambda tables from 100 eV  to 10 TeV in 220 bins, spline: 1
      ===== EM models for the G4Region  DefaultRegionForTheWorld ======
    LivermoreCompton :     Emin=          0 eV         Emax=   1 GeV
       Klein-Nishina :     Emin=          1 GeV        Emax=   10 TeV

conv:   for  gamma    SubType= 14
      Lambda tables from 1.0219978 MeV to 10 TeV in 220 bins, spline: 1
      ===== EM models for the G4Region  DefaultRegionForTheWorld ======
 LivermoreConversion :     Emin=          0 eV         Emax=   1 GeV
       Bethe-Heitler :     Emin=          1 GeV        Emax=   10 TeV

Rayl:   for  gamma    SubType= 11
      Lambda tables from 100 eV  to 10 TeV in 200 bins, spline: 1
      ===== EM models for the G4Region  DefaultRegionForTheWorld ======
   LivermoreRayleigh :     Emin=          0 eV         Emax=   1 GeV
   LivermoreRayleigh :     Emin=          1 GeV        Emax=   100 GeV

msc:   for e-    SubType= 10
      Lambda tables from 100 eV  to 10 TeV in 220 bins, spline: 1
      RangeFactor= 0.04, step limit type: 2, lateralDisplacement: 1, skin= 3, geomFactor= 2.5
      ===== EM models for the G4Region  DefaultRegionForTheWorld ======
        UrbanMscUni2 :     Emin=          0 eV         Emax=   100 TeV

eIoni:   for  e-    SubType= 2
      dE/dx and range tables from 100 eV  to 10 TeV in 220 bins
      Lambda tables from threshold to 10 TeV in 220 bins, spline: 1
      finalRange(mm)= 0.1, dRoverRange= 0.2, integral: 1, fluct: 1, linLossLimit= 0.01
      ===== EM models for the G4Region  DefaultRegionForTheWorld ======
       LowEnergyIoni :     Emin=          0 eV         Emax=   100 GeV
        MollerBhabha :     Emin=        100 GeV        Emax=   10 TeV

eBrem:   for  e-    SubType= 3
      dE/dx and range tables from 100 eV  to 10 TeV in 220 bins
      Lambda tables from threshold to 10 TeV in 220 bins, spline: 1
      LPM flag: 1 for E > 1 GeV
      ===== EM models for the G4Region  DefaultRegionForTheWorld ======
           LowEnBrem :     Emin=          0 eV         Emax=   100 GeV
            eBremRel :     Emin=        100 GeV        Emax=   10 TeV

eIoni:   for  e+    SubType= 2
      dE/dx and range tables from 100 eV  to 10 TeV in 220 bins
      Lambda tables from threshold to 10 TeV in 220 bins, spline: 1
      finalRange(mm)= 0.1, dRoverRange= 0.2, integral: 1, fluct: 1, linLossLimit= 0.01
      ===== EM models for the G4Region  DefaultRegionForTheWorld ======
        MollerBhabha :     Emin=          0 eV         Emax=   10 TeV

eBrem:   for  e+    SubType= 3
      dE/dx and range tables from 100 eV  to 10 TeV in 220 bins
      Lambda tables from threshold to 10 TeV in 220 bins, spline: 1
      LPM flag: 1 for E > 1 GeV
      ===== EM models for the G4Region  DefaultRegionForTheWorld ======
               eBrem :     Emin=          0 eV         Emax=   1 GeV
            eBremRel :     Emin=          1 GeV        Emax=   10 TeV

annihil:   for  e+    SubType= 5
      Lambda tables from 100 eV  to 10 TeV in 220 bins, spline: 1
      ===== EM models for the G4Region  DefaultRegionForTheWorld ======
            eplus2gg :     Emin=          0 eV         Emax=   10 TeV

msc:   for proton    SubType= 10
      Lambda tables from 100 eV  to 10 TeV in 220 bins, spline: 1
      RangeFactor= 0.2, step limit type: 0, lateralDisplacement: 1, skin= 3
      ===== EM models for the G4Region  DefaultRegionForTheWorld ======
       UrbanMscUni90 :     Emin=          0 eV         Emax=   100 TeV

hIoni:   for  proton    SubType= 2
      dE/dx and range tables from 100 eV  to 10 TeV in 220 bins
      Lambda tables from threshold to 10 TeV in 220 bins, spline: 1
      finalRange(mm)= 0.05, dRoverRange= 0.2, integral: 1, fluct: 1, linLossLimit= 0.01
      NuclearStopping= 1
      ===== EM models for the G4Region  DefaultRegionForTheWorld ======
               Bragg :     Emin=          0 eV         Emax=   2 MeV
          BetheBloch :     Emin=          2 MeV        Emax=   10 TeV

hBrems:   for  proton    SubType= 3
      dE/dx and range tables from 100 eV  to 10 TeV in 220 bins
      Lambda tables from threshold to 10 TeV in 220 bins, spline: 1
      ===== EM models for the G4Region  DefaultRegionForTheWorld ======
               hBrem :     Emin=          0 eV         Emax=   100 TeV

hPairProd:   for  proton    SubType= 4
      dE/dx and range tables from 100 eV  to 10 TeV in 220 bins
      Lambda tables from threshold to 10 TeV in 220 bins, spline: 1
      ===== EM models for the G4Region  DefaultRegionForTheWorld ======
           hPairProd :     Emin=          0 eV         Emax=   100 TeV

msc:   for GenericIon    SubType= 10
      RangeFactor= 0.2, step limit type: 0, lateralDisplacement: 0, skin= 3
      ===== EM models for the G4Region  DefaultRegionForTheWorld ======
       UrbanMscUni90 :     Emin=          0 eV         Emax=   100 TeV

ionIoni:   for  GenericIon    SubType= 2
      dE/dx and range tables from 100 eV  to 10 TeV in 220 bins
      Lambda tables from threshold to 10 TeV in 220 bins, spline: 1
      finalRange(mm)= 0.02, dRoverRange= 0.1, integral: 1, fluct: 1, linLossLimit= 0.15
      Stopping Power data for 16 ion/material pairs, nuclearStopping: 1
      ===== EM models for the G4Region  DefaultRegionForTheWorld ======
         ParamICRU73 :     Emin=          0 eV         Emax=   100.00003 TeV

hIoni:   for  anti_proton    SubType= 2
      dE/dx and range tables from 100 eV  to 10 TeV in 220 bins
      Lambda tables from threshold to 10 TeV in 220 bins, spline: 1
      finalRange(mm)= 1, dRoverRange= 0.2, integral: 1, fluct: 1, linLossLimit= 0.01
      NuclearStopping= 1
      ===== EM models for the G4Region  DefaultRegionForTheWorld ======
               Bragg :     Emin=          0 eV         Emax=   2 MeV
          BetheBloch :     Emin=          2 MeV        Emax=   10 TeV

hIoni:   for  kaon+    SubType= 2
      dE/dx and range tables from 100 eV  to 10 TeV in 220 bins
      Lambda tables from threshold to 10 TeV in 220 bins, spline: 1
      finalRange(mm)= 0.05, dRoverRange= 0.2, integral: 1, fluct: 1, linLossLimit= 0.01
      NuclearStopping= 0
      ===== EM models for the G4Region  DefaultRegionForTheWorld ======
               Bragg :     Emin=          0 eV         Emax=   1.052311 MeV
          BetheBloch :     Emin=   1.052311 MeV        Emax=   10 TeV

hBrems:   for  kaon+    SubType= 3
      dE/dx and range tables from 100 eV  to 10 TeV in 220 bins
      Lambda tables from threshold to 10 TeV in 220 bins, spline: 1
      ===== EM models for the G4Region  DefaultRegionForTheWorld ======
               hBrem :     Emin=          0 eV         Emax=   100 TeV

hPairProd:   for  kaon+    SubType= 4
      dE/dx and range tables from 100 eV  to 10 TeV in 220 bins
      Lambda tables from threshold to 10 TeV in 220 bins, spline: 1
      ===== EM models for the G4Region  DefaultRegionForTheWorld ======
           hPairProd :     Emin=          0 eV         Emax=   100 TeV

hIoni:   for  kaon-    SubType= 2
      dE/dx and range tables from 100 eV  to 10 TeV in 220 bins
      Lambda tables from threshold to 10 TeV in 220 bins, spline: 1
      finalRange(mm)= 0.05, dRoverRange= 0.2, integral: 1, fluct: 1, linLossLimit= 0.01
      NuclearStopping= 0
      ===== EM models for the G4Region  DefaultRegionForTheWorld ======
               Bragg :     Emin=          0 eV         Emax=   1.052311 MeV
          BetheBloch :     Emin=   1.052311 MeV        Emax=   10 TeV

hBrems:   for  kaon-    SubType= 3
      dE/dx and range tables from 100 eV  to 10 TeV in 220 bins
      Lambda tables from threshold to 10 TeV in 220 bins, spline: 1
      ===== EM models for the G4Region  DefaultRegionForTheWorld ======
               hBrem :     Emin=          0 eV         Emax=   100 TeV

hPairProd:   for  kaon-    SubType= 4
      dE/dx and range tables from 100 eV  to 10 TeV in 220 bins
      Lambda tables from threshold to 10 TeV in 220 bins, spline: 1
      ===== EM models for the G4Region  DefaultRegionForTheWorld ======
           hPairProd :     Emin=          0 eV         Emax=   100 TeV

msc:   for mu+    SubType= 10
      Lambda tables from 100 eV  to 10 TeV in 220 bins, spline: 1
      RangeFactor= 0.04, step limit type: 1, lateralDisplacement: 1, skin= 3, geomFactor= 2.5
      ===== EM models for the G4Region  DefaultRegionForTheWorld ======
        UrbanMscUni2 :     Emin=          0 eV         Emax=   100 TeV

muIoni:   for  mu+    SubType= 2
      dE/dx and range tables from 100 eV  to 10 TeV in 220 bins
      Lambda tables from threshold to 10 TeV in 220 bins, spline: 1
      finalRange(mm)= 0.05, dRoverRange= 0.2, integral: 1, fluct: 1, linLossLimit= 0.01
      ===== EM models for the G4Region  DefaultRegionForTheWorld ======
               Bragg :     Emin=          0 eV         Emax=   200 keV
          BetheBloch :     Emin=        200 keV        Emax=   1 GeV
        MuBetheBloch :     Emin=          1 GeV        Emax=   10 TeV

muBrems:   for  mu+    SubType= 3
      dE/dx and range tables from 100 eV  to 10 TeV in 220 bins
      Lambda tables from threshold to 10 TeV in 220 bins, spline: 1
      ===== EM models for the G4Region  DefaultRegionForTheWorld ======
              MuBrem :     Emin=          0 eV         Emax=   10 TeV

muPairProd:   for  mu+    SubType= 4
      dE/dx and range tables from 100 eV  to 10 TeV in 220 bins
      Lambda tables from threshold to 10 TeV in 220 bins, spline: 1
      ===== EM models for the G4Region  DefaultRegionForTheWorld ======
          muPairProd :     Emin=          0 eV         Emax=   10 TeV

muIoni:   for  mu-    SubType= 2
      dE/dx and range tables from 100 eV  to 10 TeV in 220 bins
      Lambda tables from threshold to 10 TeV in 220 bins, spline: 1
      finalRange(mm)= 0.05, dRoverRange= 0.2, integral: 1, fluct: 1, linLossLimit= 0.01
      ===== EM models for the G4Region  DefaultRegionForTheWorld ======
               Bragg :     Emin=          0 eV         Emax=   200 keV
          BetheBloch :     Emin=        200 keV        Emax=   1 GeV
        MuBetheBloch :     Emin=          1 GeV        Emax=   10 TeV

muBrems:   for  mu-    SubType= 3
      dE/dx and range tables from 100 eV  to 10 TeV in 220 bins
      Lambda tables from threshold to 10 TeV in 220 bins, spline: 1
      ===== EM models for the G4Region  DefaultRegionForTheWorld ======
              MuBrem :     Emin=          0 eV         Emax=   10 TeV

muPairProd:   for  mu-    SubType= 4
      dE/dx and range tables from 100 eV  to 10 TeV in 220 bins
      Lambda tables from threshold to 10 TeV in 220 bins, spline: 1
      ===== EM models for the G4Region  DefaultRegionForTheWorld ======
          muPairProd :     Emin=          0 eV         Emax=   10 TeV

hIoni:   for  pi+    SubType= 2
      dE/dx and range tables from 100 eV  to 10 TeV in 220 bins
      Lambda tables from threshold to 10 TeV in 220 bins, spline: 1
      finalRange(mm)= 0.05, dRoverRange= 0.2, integral: 1, fluct: 1, linLossLimit= 0.01
      NuclearStopping= 0
      ===== EM models for the G4Region  DefaultRegionForTheWorld ======
               Bragg :     Emin=          0 eV         Emax=   297.50434 keV
          BetheBloch :     Emin=  297.50434 keV        Emax=   10 TeV

hBrems:   for  pi+    SubType= 3
      dE/dx and range tables from 100 eV  to 10 TeV in 220 bins
      Lambda tables from threshold to 10 TeV in 220 bins, spline: 1
      ===== EM models for the G4Region  DefaultRegionForTheWorld ======
               hBrem :     Emin=          0 eV         Emax=   100 TeV

hPairProd:   for  pi+    SubType= 4
      dE/dx and range tables from 100 eV  to 10 TeV in 220 bins
      Lambda tables from threshold to 10 TeV in 220 bins, spline: 1
      ===== EM models for the G4Region  DefaultRegionForTheWorld ======
           hPairProd :     Emin=          0 eV         Emax=   100 TeV

msc:   for pi-    SubType= 10
      Lambda tables from 100 eV  to 10 TeV in 220 bins, spline: 1
      RangeFactor= 0.2, step limit type: 0, lateralDisplacement: 1, skin= 3
      ===== EM models for the G4Region  DefaultRegionForTheWorld ======
       UrbanMscUni90 :     Emin=          0 eV         Emax=   100 TeV

hIoni:   for  pi-    SubType= 2
      dE/dx and range tables from 100 eV  to 10 TeV in 220 bins
      Lambda tables from threshold to 10 TeV in 220 bins, spline: 1
      finalRange(mm)= 0.05, dRoverRange= 0.2, integral: 1, fluct: 1, linLossLimit= 0.01
      NuclearStopping= 0
      ===== EM models for the G4Region  DefaultRegionForTheWorld ======
               Bragg :     Emin=          0 eV         Emax=   297.50434 keV
          BetheBloch :     Emin=  297.50434 keV        Emax=   10 TeV

hBrems:   for  pi-    SubType= 3
      dE/dx and range tables from 100 eV  to 10 TeV in 220 bins
      Lambda tables from threshold to 10 TeV in 220 bins, spline: 1
      ===== EM models for the G4Region  DefaultRegionForTheWorld ======
               hBrem :     Emin=          0 eV         Emax=   100 TeV

hPairProd:   for  pi-    SubType= 4
      dE/dx and range tables from 100 eV  to 10 TeV in 220 bins
      Lambda tables from threshold to 10 TeV in 220 bins, spline: 1
      ===== EM models for the G4Region  DefaultRegionForTheWorld ======
           hPairProd :     Emin=          0 eV         Emax=   100 TeV

Region <DefaultRegionForTheWorld> -- appears in <World> world volume
 Root logical volume(s) : World 
 Pointers : G4VUserRegionInformation[0], G4UserLimits[0], G4FastSimulationManager[0], G4UserSteppingAction[0]
 Materials : Galactic Gold 
 Production cuts :  gamma 7 um     e- 7 um     e+ 7 um 

========= Table of registered couples ==============================

Index : 0     used in the geometry : Yes     recalculation needed : No 
 Material : Galactic
 Range cuts        :  gamma 7 um     e- 7 um     e+ 7 um 
 Energy thresholds :  gamma 990 eV     e- 990 eV     e+ 990 eV 
 Region(s) which use this couple : 
    DefaultRegionForTheWorld

Index : 1     used in the geometry : No      recalculation needed : No 
 Material : Silicon
 Range cuts        :  gamma 7 um     e- 7 um     e+ 7 um 
 Energy thresholds :  gamma 990 eV     e- 20.785626 keV    e+ 20.267959 keV

Index : 2     used in the geometry : Yes     recalculation needed : No 
 Material : Gold
 Range cuts        :  gamma 7 um     e- 7 um     e+ 7 um 
 Energy thresholds :  gamma 6.5175568 keV    e- 65.072458 keV    e+ 63.489878 keV
 Region(s) which use this couple : 
    DefaultRegionForTheWorld

====================================================================

Start closing geometry.
G4GeometryManager::ReportVoxelStats -- Voxel Statistics

    Total memory consumed for geometry optimisation:   0 kByte
    Total CPU time elapsed for geometry optimisation: 0 seconds
### Run 1 start.

--------- Ranecu engine status ---------
 Initial seed (index) = 0
 Current couple of seeds = 1180105586, 436074614
----------------------------------------
Start Run processing.

---> Begin of Event: 0

---> Begin of Event: 10000

---> Begin of Event: 20000

---> Begin of Event: 30000

---> Begin of Event: 40000

---> Begin of Event: 50000

---> Begin of Event: 60000

---> Begin of Event: 70000

---> Begin of Event: 80000

---> Begin of Event: 90000
Run terminated.
Run Summary
  Number of events processed : 100000
  User=9.05s Real=11.57s Sys=2.44s

 ======================== run summary ======================

 The run was 100000 e- of 15.7 MeV through 9.66 um  of Gold (density: 19.3 g/cm3 )

 Total energy deposit in absorber per event = 18.5 keV +- 45.62 eV 

 -----> Mean dE/dx = 19.16 MeV/cm	(0.9916 MeV*cm2/g)

 From formulas :
   restricted dEdx = 17.73 MeV/cm	(0.9176 MeV*cm2/g)
   full dEdx       = 60.89 MeV/cm	(3.151 MeV*cm2/g)

 Leakage :  primary = 15.64 MeV +- 1.446 keV   secondaries = 38.18 keV +- 1.443 keV
 Energy balance :  edep + eleak = 15.7 MeV

 Total track length (charged) in absorber per event = 9.94 um  +- 8.456 nm 
 Total track length (neutral) in absorber per event = 129.7 nm  +- 6.488 nm 

 Number of steps (charged) in absorber per event = 8.958 +- 9.196e-06
 Number of steps (neutral) in absorber per event = 0.02766 +- 9.196e-06

 Number of secondaries per event : Gammas = 0.02749;   electrons = 0.02223;   positrons = 0

 Number of events with the primary particle transmitted = 99.99 %
 Number of events with at least  1 particle transmitted (same charge as primary) = 99.99 %

 Number of events with the primary particle reflected = 0.011 %
 Number of events with at least  1 particle reflected (same charge as primary) = 0.283 %

 MultipleScattering:
  rms proj angle of transmit primary particle = 32.98 mrad (central part only)
  computed theta0 (Highland formula)          = 35.1 mrad
  central part defined as +- 105.3 mrad;   Tail ratio = 2.698 %

--------- Ranecu engine status ---------
 Initial seed (index) = 0
 Current couple of seeds = 1601287702, 1059520486
----------------------------------------
#
/testem/phys/setCuts 10 um
#
UserDetectorConstruction deleted.
UserPhysicsList deleted.
UserRunAction deleted.
UserPrimaryGenerator deleted.
G4 kernel has come to Quit state.
EventManager deleted.
UImanager deleted.
Units table cleared.
StateManager deleted.
RunManagerKernel is deleted.
RunManager is deleting.

